Component: ARM Compiler 5.06 update 7 (build 960) Tool: armlink [4d3601]

==============================================================================

Section Cross References

    startup_stm32f103xb.o(STACK) refers (Special) to heapauxi.o(.text) for __use_two_region_memory
    startup_stm32f103xb.o(HEAP) refers (Special) to heapauxi.o(.text) for __use_two_region_memory
    startup_stm32f103xb.o(RESET) refers (Special) to heapauxi.o(.text) for __use_two_region_memory
    startup_stm32f103xb.o(RESET) refers to startup_stm32f103xb.o(STACK) for __initial_sp
    startup_stm32f103xb.o(RESET) refers to startup_stm32f103xb.o(.text) for Reset_Handler
    startup_stm32f103xb.o(RESET) refers to stm32f1xx_it.o(i.NMI_Handler) for NMI_Handler
    startup_stm32f103xb.o(RESET) refers to stm32f1xx_it.o(i.HardFault_Handler) for HardFault_Handler
    startup_stm32f103xb.o(RESET) refers to stm32f1xx_it.o(i.MemManage_Handler) for MemManage_Handler
    startup_stm32f103xb.o(RESET) refers to stm32f1xx_it.o(i.BusFault_Handler) for BusFault_Handler
    startup_stm32f103xb.o(RESET) refers to stm32f1xx_it.o(i.UsageFault_Handler) for UsageFault_Handler
    startup_stm32f103xb.o(RESET) refers to stm32f1xx_it.o(i.SVC_Handler) for SVC_Handler
    startup_stm32f103xb.o(RESET) refers to stm32f1xx_it.o(i.DebugMon_Handler) for DebugMon_Handler
    startup_stm32f103xb.o(RESET) refers to stm32f1xx_it.o(i.PendSV_Handler) for PendSV_Handler
    startup_stm32f103xb.o(RESET) refers to stm32f1xx_it.o(i.SysTick_Handler) for SysTick_Handler
    startup_stm32f103xb.o(RESET) refers to stm32f1xx_it.o(i.TIM4_IRQHandler) for TIM4_IRQHandler
    startup_stm32f103xb.o(RESET) refers to stm32f1xx_it.o(i.USART2_IRQHandler) for USART2_IRQHandler
    startup_stm32f103xb.o(.text) refers (Special) to heapauxi.o(.text) for __use_two_region_memory
    startup_stm32f103xb.o(.text) refers to system_stm32f1xx.o(i.SystemInit) for SystemInit
    startup_stm32f103xb.o(.text) refers to __main.o(!!!main) for __main
    startup_stm32f103xb.o(.text) refers to startup_stm32f103xb.o(HEAP) for Heap_Mem
    startup_stm32f103xb.o(.text) refers to startup_stm32f103xb.o(STACK) for Stack_Mem
    pid.o(i.pid_Cal) refers to dflt_clz.o(x$fpl$dflt) for __aeabi_i2d
    pid.o(i.pid_Cal) refers to dmul.o(x$fpl$dmul) for __aeabi_dmul
    pid.o(i.pid_Cal) refers to daddsub_clz.o(x$fpl$dadd) for __aeabi_dadd
    pid.o(i.pid_Cal) refers to dfix.o(x$fpl$dfix) for __aeabi_d2iz
    pid.o(i.pid_Cal) refers to pid.o(.data) for .data
    pid.o(i.pid_Cal) refers to tim.o(.bss) for htim2
    pid.o(i.pid_Init) refers to stm32f1xx_hal_tim.o(i.HAL_TIM_Encoder_Start) for HAL_TIM_Encoder_Start
    pid.o(i.pid_Init) refers to dfixu.o(x$fpl$dfixu) for __aeabi_d2uiz
    pid.o(i.pid_Init) refers to tim.o(.bss) for htim2
    pid.o(i.pid_Init) refers to main.o(.data) for TargetEncoder
    pid.o(i.pid_Init) refers to pid.o(.data) for .data
    pid.o(.data) refers to pid.o(.data) for Lpidval
    pid.o(.data) refers to pid.o(.data) for Rpidval
    pwm.o(i.pwm_Init) refers to stm32f1xx_hal_tim.o(i.HAL_TIM_PWM_Start) for HAL_TIM_PWM_Start
    pwm.o(i.pwm_Init) refers to tim.o(.bss) for htim1
    pwm.o(i.set_motor_pwm) refers to tim.o(.bss) for htim1
    move.o(i.go_straight) refers to stm32f1xx_hal_gpio.o(i.HAL_GPIO_WritePin) for HAL_GPIO_WritePin
    move.o(i.go_straight) refers to pwm.o(i.set_motor_pwm) for set_motor_pwm
    move.o(i.go_straight) refers to main.o(.data) for TargetEncoder
    move.o(i.go_straight) refers to move.o(.data) for .data
    move.o(i.go_straight) refers to main.o(.data) for lpwm
    move.o(i.go_straight) refers to main.o(.data) for rpwm
    move.o(i.motor_stop) refers to stm32f1xx_hal_gpio.o(i.HAL_GPIO_WritePin) for HAL_GPIO_WritePin
    move.o(i.move) refers to dfix.o(x$fpl$dfix) for __aeabi_d2iz
    move.o(i.move) refers to pid.o(i.pid_Cal) for pid_Cal
    move.o(i.move) refers to oled.o(i.OLED_PrintNumber) for OLED_PrintNumber
    move.o(i.move) refers to oled.o(i.OLED_ShowFrame) for OLED_ShowFrame
    move.o(i.move) refers to stm32f1xx_hal_gpio.o(i.HAL_GPIO_ReadPin) for HAL_GPIO_ReadPin
    move.o(i.move) refers to move.o(i.motor_stop) for motor_stop
    move.o(i.move) refers to stm32f1xx_hal_uart.o(i.HAL_UART_Transmit) for HAL_UART_Transmit
    move.o(i.move) refers to move.o(i.turn_left) for turn_left
    move.o(i.move) refers to move.o(i.turn_right) for turn_right
    move.o(i.move) refers to oled.o(i.OLED_PrintASCIIString) for OLED_PrintASCIIString
    move.o(i.move) refers to move.o(i.go_straight) for go_straight
    move.o(i.move) refers to move.o(.data) for .data
    move.o(i.move) refers to main.o(.data) for lpwm
    move.o(i.move) refers to main.o(.data) for rpwm
    move.o(i.move) refers to font.o(.constdata) for afont8x6
    move.o(i.move) refers to usart.o(.bss) for huart2
    move.o(i.move) refers to main.o(.data) for TargetEncoder
    move.o(i.pwm_stop) refers to stm32f1xx_hal_gpio.o(i.HAL_GPIO_WritePin) for HAL_GPIO_WritePin
[...]
    ..\Drivers\STM32F1xx_HAL_Driver\Src\stm32f1xx_hal_flash_ex.c 0x00000000   Number         0  stm32f1xx_hal_flash_ex.o ABSOLUTE
    ..\Drivers\STM32F1xx_HAL_Driver\Src\stm32f1xx_hal_gpio.c 0x00000000   Number         0  stm32f1xx_hal_gpio.o ABSOLUTE
    ..\Drivers\STM32F1xx_HAL_Driver\Src\stm32f1xx_hal_gpio_ex.c 0x00000000   Number         0  stm32f1xx_hal_gpio_ex.o ABSOLUTE
    ..\Drivers\STM32F1xx_HAL_Driver\Src\stm32f1xx_hal_i2c.c 0x00000000   Number         0  stm32f1xx_hal_i2c.o ABSOLUTE
    ..\Drivers\STM32F1xx_HAL_Driver\Src\stm32f1xx_hal_pwr.c 0x00000000   Number         0  stm32f1xx_hal_pwr.o ABSOLUTE
    ..\Drivers\STM32F1xx_HAL_Driver\Src\stm32f1xx_hal_rcc.c 0x00000000   Number         0  stm32f1xx_hal_rcc.o ABSOLUTE
    ..\Drivers\STM32F1xx_HAL_Driver\Src\stm32f1xx_hal_rcc_ex.c 0x00000000   Number         0  stm32f1xx_hal_rcc_ex.o ABSOLUTE
    ..\Drivers\STM32F1xx_HAL_Driver\Src\stm32f1xx_hal_tim.c 0x00000000   Number         0  stm32f1xx_hal_tim.o ABSOLUTE
    ..\Drivers\STM32F1xx_HAL_Driver\Src\stm32f1xx_hal_tim_ex.c 0x00000000   Number         0  stm32f1xx_hal_tim_ex.o ABSOLUTE
    ..\Drivers\STM32F1xx_HAL_Driver\Src\stm32f1xx_hal_uart.c 0x00000000   Number         0  stm32f1xx_hal_uart.o ABSOLUTE
    ..\\Core\\Src\\oled.c                    0x00000000   Number         0  oled.o ABSOLUTE
    OLED_Data.c                              0x00000000   Number         0  oled_data.o ABSOLUTE
    dc.s                                     0x00000000   Number         0  dc.o ABSOLUTE
    move.c                                   0x00000000   Number         0  move.o ABSOLUTE
    move.c                                   0x00000000   Number         0  move.o ABSOLUTE
    pid.c                                    0x00000000   Number         0  pid.o ABSOLUTE
    pid.c                                    0x00000000   Number         0  pid.o ABSOLUTE
    pwm.c                                    0x00000000   Number         0  pwm.o ABSOLUTE
    pwm.c                                    0x00000000   Number         0  pwm.o ABSOLUTE
    startup_stm32f103xb.s                    0x00000000   Number         0  startup_stm32f103xb.o ABSOLUTE
    RESET                                    0x08000000   Section      236  startup_stm32f103xb.o(RESET)
    !!!main                                  0x080000ec   Section        8  __main.o(!!!main)
    !!!scatter                               0x080000f4   Section       52  __scatter.o(!!!scatter)
    !!handler_copy                           0x08000128   Section       26  __scatter_copy.o(!!handler_copy)
    !!handler_zi                             0x08000144   Section       28  __scatter_zi.o(!!handler_zi)
    .ARM.Collect$$libinit$$00000000          0x08000160   Section        2  libinit.o(.ARM.Collect$$libinit$$00000000)
    .ARM.Collect$$libinit$$00000002          0x08000162   Section        0  libinit2.o(.ARM.Collect$$libinit$$00000002)
    .ARM.Collect$$libinit$$00000004          0x08000162   Section        0  libinit2.o(.ARM.Collect$$libinit$$00000004)
    .ARM.Collect$$libinit$$0000000A          0x08000162   Section        0  libinit2.o(.ARM.Collect$$libinit$$0000000A)
    .ARM.Collect$$libinit$$0000000C          0x08000162   Section        0  libinit2.o(.ARM.Collect$$libinit$$0000000C)
    .ARM.Collect$$libinit$$0000000E          0x08000162   Section        0  libinit2.o(.ARM.Collect$$libinit$$0000000E)
    .ARM.Collect$$libinit$$00000011          0x08000162   Section        0  libinit2.o(.ARM.Collect$$libinit$$00000011)
    .ARM.Collect$$libinit$$00000013          0x08000162   Section        0  libinit2.o(.ARM.Collect$$libinit$$00000013)
    .ARM.Collect$$libinit$$00000015          0x08000162   Section        0  libinit2.o(.ARM.Collect$$libinit$$00000015)
    .ARM.Collect$$libinit$$00000017          0x08000162   Section        0  libinit2.o(.ARM.Collect$$libinit$$00000017)
    .ARM.Collect$$libinit$$00000019          0x08000162   Section        0  libinit2.o(.ARM.Collect$$libinit$$00000019)
    .ARM.Collect$$libinit$$0000001B          0x08000162   Section        0  libinit2.o(.ARM.Collect$$libinit$$0000001B)
    .ARM.Collect$$libinit$$0000001D          0x08000162   Section        0  libinit2.o(.ARM.Collect$$libinit$$0000001D)
    .ARM.Collect$$libinit$$0000001F          0x08000162   Section        0  libinit2.o(.ARM.Collect$$libinit$$0000001F)
    .ARM.Collect$$libinit$$00000021          0x08000162   Section        0  libinit2.o(.ARM.Collect$$libinit$$00000021)
    .ARM.Collect$$libinit$$00000023          0x08000162   Section        0  libinit2.o(.ARM.Collect$$libinit$$00000023)
    .ARM.Collect$$libinit$$00000025          0x08000162   Section        0  libinit2.o(.ARM.Collect$$libinit$$00000025)
    .ARM.Collect$$libinit$$0000002C          0x08000162   Section        0  libinit2.o(.ARM.Collect$$libinit$$0000002C)
    .ARM.Collect$$libinit$$0000002E          0x08000162   Section        0  libinit2.o(.ARM.Collect$$libinit$$0000002E)
    .ARM.Collect$$libinit$$00000030          0x08000162   Section        0  libinit2.o(.ARM.Collect$$libinit$$00000030)
    .ARM.Collect$$libinit$$00000032          0x08000162   Section        0  libinit2.o(.ARM.Collect$$libinit$$00000032)
    .ARM.Collect$$libinit$$00000033          0x08000162   Section        2  libinit2.o(.ARM.Collect$$libinit$$00000033)
    .ARM.Collect$$libshutdown$$00000000      0x08000164   Section        2  libshutdown.o(.ARM.Collect$$libshutdown$$00000000)
    .ARM.Collect$$libshutdown$$00000002      0x08000166   Section        0  libshutdown2.o(.ARM.Collect$$libshutdown$$00000002)
    .ARM.Collect$$libshutdown$$00000004      0x08000166   Section        0  libshutdown2.o(.ARM.Collect$$libshutdown$$00000004)
    .ARM.Collect$$libshutdown$$00000006      0x08000166   Section        0  libshutdown2.o(.ARM.Collect$$libshutdown$$00000006)
    .ARM.Collect$$libshutdown$$00000009      0x08000166   Section        0  libshutdown2.o(.ARM.Collect$$libshutdown$$00000009)
    .ARM.Collect$$libshutdown$$0000000C      0x08000166   Section        0  libshutdown2.o(.ARM.Collect$$libshutdown$$0000000C)
    .ARM.Collect$$libshutdown$$0000000E      0x08000166   Section        0  libshutdown2.o(.ARM.Collect$$libshutdown$$0000000E)
    .ARM.Collect$$libshutdown$$00000011      0x08000166   Section        0  libshutdown2.o(.ARM.Collect$$libshutdown$$00000011)
    .ARM.Collect$$libshutdown$$00000012      0x08000166   Section        2  libshutdown2.o(.ARM.Collect$$libshutdown$$00000012)
    .ARM.Collect$$rtentry$$00000000          0x08000168   Section        0  __rtentry.o(.ARM.Collect$$rtentry$$00000000)
    .ARM.Collect$$rtentry$$00000002          0x08000168   Section        0  __rtentry2.o(.ARM.Collect$$rtentry$$00000002)
    .ARM.Collect$$rtentry$$00000004          0x08000168   Section        6  __rtentry4.o(.ARM.Collect$$rtentry$$00000004)
    .ARM.Collect$$rtentry$$00000009          0x0800016e   Section        0  __rtentry2.o(.ARM.Collect$$rtentry$$00000009)
    .ARM.Collect$$rtentry$$0000000A          0x0800016e   Section        4  __rtentry2.o(.ARM.Collect$$rtentry$$0000000A)
    .ARM.Collect$$rtentry$$0000000C          0x08000172   Section        0  __rtentry2.o(.ARM.Collect$$rtentry$$0000000C)
    .ARM.Collect$$rtentry$$0000000D          0x08000172   Section        8  __rtentry2.o(.ARM.Collect$$rtentry$$0000000D)
    .ARM.Collect$$rtexit$$00000000           0x0800017a   Section        2  rtexit.o(.ARM.Collect$$rtexit$$00000000)
    .ARM.Collect$$rtexit$$00000002           0x0800017c   Section        0  rtexit2.o(.ARM.Collect$$rtexit$$00000002)
    .ARM.Collect$$rtexit$$00000003           0x0800017c   Section        4  rtexit2.o(.ARM.Collect$$rtexit$$00000003)
    .ARM.Collect$$rtexit$$00000004           0x08000180   Section        6  rtexit2.o(.ARM.Collect$$rtexit$$00000004)
    .text                                    0x08000188   Section       64  startup_stm32f103xb.o(.text)
    .text                                    0x080001c8   Section      138  rt_memcpy_v6.o(.text)
    .text                                    0x08000252   Section       68  rt_memclr.o(.text)
    .text                                    0x08000296   Section       78  rt_memclr_w.o(.text)
    .text                                    0x080002e4   Section        0  heapauxi.o(.text)
    .text                                    0x080002ea   Section      100  rt_memcpy_w.o(.text)
    .text                                    0x0800034e   Section       74  sys_stackheap_outer.o(.text)
    .text                                    0x08000398   Section        0  exit.o(.text)
    .text                                    0x080003ac   Section        8  libspace.o(.text)
    .text                                    0x080003b4   Section        0  sys_exit.o(.text)
    .text                                    0x080003c0   Section        2  use_no_semi.o(.text)
    .text                                    0x080003c2   Section        0  indicate_semi.o(.text)
    i.BusFault_Handler                       0x080003c2   Section        0  stm32f1xx_it.o(i.BusFault_Handler)
    i.DebugMon_Handler                       0x080003c4   Section        0  stm32f1xx_it.o(i.DebugMon_Handler)
    i.Error_Handler                          0x080003c6   Section        0  main.o(i.Error_Handler)
    i.HAL_DMA_Abort                          0x080003ca   Section        0  stm32f1xx_hal_dma.o(i.HAL_DMA_Abort)
    i.HAL_DMA_Abort_IT                       0x08000410   Section        0  stm32f1xx_hal_dma.o(i.HAL_DMA_Abort_IT)
    i.HAL_Delay                              0x080004a8   Section        0  stm32f1xx_hal.o(i.HAL_Delay)
    i.HAL_GPIO_Init                          0x080004cc   Section        0  stm32f1xx_hal_gpio.o(i.HAL_GPIO_Init)
    i.HAL_GPIO_ReadPin                       0x080006ac   Section        0  stm32f1xx_hal_gpio.o(i.HAL_GPIO_ReadPin)
    i.HAL_GPIO_WritePin                      0x080006b6   Section        0  stm32f1xx_hal_gpio.o(i.HAL_GPIO_WritePin)
    i.HAL_GetTick                            0x080006c0   Section        0  stm32f1xx_hal.o(i.HAL_GetTick)
    i.HAL_I2C_Init                           0x080006cc   Section        0  stm32f1xx_hal_i2c.o(i.HAL_I2C_Init)
    i.HAL_I2C_Master_Transmit                0x08000854   Section        0  stm32f1xx_hal_i2c.o(i.HAL_I2C_Master_Transmit)
    i.HAL_I2C_MspInit                        0x08000980   Section        0  i2c.o(i.HAL_I2C_MspInit)
    i.HAL_IncTick                            0x08000a18   Section        0  stm32f1xx_hal.o(i.HAL_IncTick)
    i.HAL_Init                               0x08000a28   Section        0  stm32f1xx_hal.o(i.HAL_Init)
    i.HAL_InitTick                           0x08000a4c   Section        0  stm32f1xx_hal.o(i.HAL_InitTick)
    i.HAL_MspInit                            0x08000a8c   Section        0  stm32f1xx_hal_msp.o(i.HAL_MspInit)
    i.HAL_NVIC_EnableIRQ                     0x08000ac8   Section        0  stm32f1xx_hal_cortex.o(i.HAL_NVIC_EnableIRQ)
    i.HAL_NVIC_SetPriority                   0x08000ae4   Section        0  stm32f1xx_hal_cortex.o(i.HAL_NVIC_SetPriority)
    i.HAL_NVIC_SetPriorityGrouping           0x08000b24   Section        0  stm32f1xx_hal_cortex.o(i.HAL_NVIC_SetPriorityGrouping)
    i.HAL_RCC_ClockConfig                    0x08000b48   Section        0  stm32f1xx_hal_rcc.o(i.HAL_RCC_ClockConfig)
    i.HAL_RCC_GetPCLK1Freq                   0x08000c74   Section        0  stm32f1xx_hal_rcc.o(i.HAL_RCC_GetPCLK1Freq)
    i.HAL_RCC_GetPCLK2Freq                   0x08000c94   Section        0  stm32f1xx_hal_rcc.o(i.HAL_RCC_GetPCLK2Freq)
    i.HAL_RCC_GetSysClockFreq                0x08000cb4   Section        0  stm32f1xx_hal_rcc.o(i.HAL_RCC_GetSysClockFreq)
    i.HAL_RCC_OscConfig                      0x08000d00   Section        0  stm32f1xx_hal_rcc.o(i.HAL_RCC_OscConfig)
    i.HAL_SYSTICK_Config                     0x08001020   Section        0  stm32f1xx_hal_cortex.o(i.HAL_SYSTICK_Config)
    i.HAL_TIMEx_BreakCallback                0x08001048   Section        0  stm32f1xx_hal_tim_ex.o(i.HAL_TIMEx_BreakCallback)
    i.HAL_TIMEx_CommutCallback               0x0800104a   Section        0  stm32f1xx_hal_tim_ex.o(i.HAL_TIMEx_CommutCallback)
    i.HAL_TIMEx_ConfigBreakDeadTime          0x0800104c   Section        0  stm32f1xx_hal_tim_ex.o(i.HAL_TIMEx_ConfigBreakDeadTime)
    i.HAL_TIMEx_MasterConfigSynchronization  0x080010a0   Section        0  stm32f1xx_hal_tim_ex.o(i.HAL_TIMEx_MasterConfigSynchronization)
    i.HAL_TIM_Base_Init                      0x08001108   Section        0  stm32f1xx_hal_tim.o(i.HAL_TIM_Base_Init)
    i.HAL_TIM_Base_MspInit                   0x08001164   Section        0  tim.o(i.HAL_TIM_Base_MspInit)
    i.HAL_TIM_ConfigClockSource              0x080011a0   Section        0  stm32f1xx_hal_tim.o(i.HAL_TIM_ConfigClockSource)
    i.HAL_TIM_Encoder_Init                   0x0800127c   Section        0  stm32f1xx_hal_tim.o(i.HAL_TIM_Encoder_Init)
    i.HAL_TIM_Encoder_MspInit                0x08001320   Section        0  tim.o(i.HAL_TIM_Encoder_MspInit)
    i.HAL_TIM_Encoder_Start                  0x080013a0   Section        0  stm32f1xx_hal_tim.o(i.HAL_TIM_Encoder_Start)
    i.HAL_TIM_IC_CaptureCallback             0x0800142e   Section        0  stm32f1xx_hal_tim.o(i.HAL_TIM_IC_CaptureCallback)
    i.HAL_TIM_IRQHandler                     0x08001430   Section        0  stm32f1xx_hal_tim.o(i.HAL_TIM_IRQHandler)
    i.HAL_TIM_MspPostInit                    0x08001560   Section        0  tim.o(i.HAL_TIM_MspPostInit)
    i.HAL_TIM_OC_DelayElapsedCallback        0x080015c0   Section        0  stm32f1xx_hal_tim.o(i.HAL_TIM_OC_DelayElapsedCallback)
    i.HAL_TIM_PWM_ConfigChannel              0x080015c2   Section        0  stm32f1xx_hal_tim.o(i.HAL_TIM_PWM_ConfigChannel)
    i.HAL_TIM_PWM_Init                       0x0800168e   Section        0  stm32f1xx_hal_tim.o(i.HAL_TIM_PWM_Init)
    i.HAL_TIM_PWM_MspInit                    0x080016e8   Section        0  tim.o(i.HAL_TIM_PWM_MspInit)
    i.HAL_TIM_PWM_PulseFinishedCallback      0x08001710   Section        0  stm32f1xx_hal_tim.o(i.HAL_TIM_PWM_PulseFinishedCallback)
    i.HAL_TIM_PWM_Start                      0x08001714   Section        0  stm32f1xx_hal_tim.o(i.HAL_TIM_PWM_Start)
    i.HAL_TIM_PeriodElapsedCallback          0x080017b0   Section        0  main.o(i.HAL_TIM_PeriodElapsedCallback)
    i.HAL_TIM_TriggerCallback                0x080017b2   Section        0  stm32f1xx_hal_tim.o(i.HAL_TIM_TriggerCallback)
    i.HAL_UARTEx_RxEventCallback             0x080017b4   Section        0  stm32f1xx_hal_uart.o(i.HAL_UARTEx_RxEventCallback)
    i.HAL_UART_ErrorCallback                 0x080017b6   Section        0  stm32f1xx_hal_uart.o(i.HAL_UART_ErrorCallback)
    i.HAL_UART_IRQHandler                    0x080017b8   Section        0  stm32f1xx_hal_uart.o(i.HAL_UART_IRQHandler)
    i.HAL_UART_Init                          0x08001a24   Section        0  stm32f1xx_hal_uart.o(i.HAL_UART_Init)
    i.HAL_UART_MspInit                       0x08001a88   Section        0  usart.o(i.HAL_UART_MspInit)
    i.HAL_UART_Receive_IT                    0x08001b08   Section        0  stm32f1xx_hal_uart.o(i.HAL_UART_Receive_IT)
    i.HAL_UART_RxCpltCallback                0x08001b24   Section        0  main.o(i.HAL_UART_RxCpltCallback)
    i.HAL_UART_Transmit                      0x08001c9c   Section        0  stm32f1xx_hal_uart.o(i.HAL_UART_Transmit)
    i.HAL_UART_TxCpltCallback                0x08001d3c   Section        0  stm32f1xx_hal_uart.o(i.HAL_UART_TxCpltCallback)
    i.HardFault_Handler                      0x08001d3e   Section        0  stm32f1xx_it.o(i.HardFault_Handler)
    i.I2C_IsAcknowledgeFailed                0x08001d40   Section        0  stm32f1xx_hal_i2c.o(i.I2C_IsAcknowledgeFailed)
    I2C_IsAcknowledgeFailed                  0x08001d41   Thumb Code    46  stm32f1xx_hal_i2c.o(i.I2C_IsAcknowledgeFailed)
    i.I2C_MasterRequestWrite                 0x08001d70   Section        0  stm32f1xx_hal_i2c.o(i.I2C_MasterRequestWrite)
    I2C_MasterRequestWrite                   0x08001d71   Thumb Code   150  stm32f1xx_hal_i2c.o(i.I2C_MasterRequestWrite)
    i.I2C_WaitOnBTFFlagUntilTimeout          0x08001e0c   Section        0  stm32f1xx_hal_i2c.o(i.I2C_WaitOnBTFFlagUntilTimeout)
    I2C_WaitOnBTFFlagUntilTimeout            0x08001e0d   Thumb Code    86  stm32f1xx_hal_i2c.o(i.I2C_WaitOnBTFFlagUntilTimeout)
    i.I2C_WaitOnFlagUntilTimeout             0x08001e64   Section        0  stm32f1xx_hal_i2c.o(i.I2C_WaitOnFlagUntilTimeout)
    I2C_WaitOnFlagUntilTimeout               0x08001e65   Thumb Code   144  stm32f1xx_hal_i2c.o(i.I2C_WaitOnFlagUntilTimeout)
    i.I2C_WaitOnMasterAddressFlagUntilTimeout 0x08001ef4   Section        0  stm32f1xx_hal_i2c.o(i.I2C_WaitOnMasterAddressFlagUntilTimeout)
    I2C_WaitOnMasterAddressFlagUntilTimeout  0x08001ef5   Thumb Code   188  stm32f1xx_hal_i2c.o(i.I2C_WaitOnMasterAddressFlagUntilTimeout)
    i.I2C_WaitOnTXEFlagUntilTimeout          0x08001fb0   Section        0  stm32f1xx_hal_i2c.o(i.I2C_WaitOnTXEFlagUntilTimeout)
    I2C_WaitOnTXEFlagUntilTimeout            0x08001fb1   Thumb Code    86  stm32f1xx_hal_i2c.o(i.I2C_WaitOnTXEFlagUntilTimeout)
    i.MX_GPIO_Init                           0x08002008   Section        0  gpio.o(i.MX_GPIO_Init)
    i.MX_I2C1_Init                           0x08002088   Section        0  i2c.o(i.MX_I2C1_Init)
    i.MX_I2C2_Init                           0x080020c8   Section        0  i2c.o(i.MX_I2C2_Init)
    i.MX_TIM1_Init                           0x08002108   Section        0  tim.o(i.MX_TIM1_Init)
    i.MX_TIM2_Init                           0x080021b8   Section        0  tim.o(i.MX_TIM2_Init)
    i.MX_TIM3_Init                           0x08002220   Section        0  tim.o(i.MX_TIM3_Init)
    i.MX_TIM4_Init                           0x0800228c   Section        0  tim.o(i.MX_TIM4_Init)
    i.MX_USART2_UART_Init                    0x080022f4   Section        0  usart.o(i.MX_USART2_UART_Init)
    i.MemManage_Handler                      0x0800232c   Section        0  stm32f1xx_it.o(i.MemManage_Handler)
    i.NMI_Handler                            0x0800232e   Section        0  stm32f1xx_it.o(i.NMI_Handler)
    i.OLED_Init                              0x08002330   Section        0  oled.o(i.OLED_Init)
    i.OLED_NewFrame                          0x080023dc   Section        0  oled.o(i.OLED_NewFrame)
    i.OLED_PrintASCIIChar                    0x080023ec   Section        0  oled.o(i.OLED_PrintASCIIChar)
    i.OLED_PrintASCIIString                  0x0800240c   Section        0  oled.o(i.OLED_PrintASCIIString)
    i.OLED_PrintNumber                       0x0800243a   Section        0  oled.o(i.OLED_PrintNumber)
    i.OLED_Send                              0x080024b0   Section        0  oled.o(i.OLED_Send)
    i.OLED_SendCmd                           0x080024cc   Section        0  oled.o(i.OLED_SendCmd)
    i.OLED_SetBits                           0x080024dc   Section        0  oled.o(i.OLED_SetBits)
    i.OLED_SetBits_Fine                      0x08002524   Section        0  oled.o(i.OLED_SetBits_Fine)
    i.OLED_SetBlock                          0x0800258c   Section        0  oled.o(i.OLED_SetBlock)
    i.OLED_SetByte_Fine                      0x08002614   Section        0  oled.o(i.OLED_SetByte_Fine)
    i.OLED_ShowFrame                         0x0800265c   Section        0  oled.o(i.OLED_ShowFrame)
    i.PendSV_Handler                         0x080026a4   Section        0  stm32f1xx_it.o(i.PendSV_Handler)
    i.SVC_Handler                            0x080026a6   Section        0  stm32f1xx_it.o(i.SVC_Handler)
    i.SysTick_Handler                        0x080026a8   Section        0  stm32f1xx_it.o(i.SysTick_Handler)
    i.SystemClock_Config                     0x080026ac   Section        0  main.o(i.SystemClock_Config)
    i.SystemInit                             0x0800270a   Section        0  system_stm32f1xx.o(i.SystemInit)
    i.TIM4_IRQHandler                        0x0800270c   Section        0  stm32f1xx_it.o(i.TIM4_IRQHandler)
    i.TIM_Base_SetConfig                     0x08002718   Section        0  stm32f1xx_hal_tim.o(i.TIM_Base_SetConfig)
    i.TIM_CCxChannelCmd                      0x08002790   Section        0  stm32f1xx_hal_tim.o(i.TIM_CCxChannelCmd)
    i.TIM_ETR_SetConfig                      0x080027aa   Section        0  stm32f1xx_hal_tim.o(i.TIM_ETR_SetConfig)
    i.TIM_ITRx_SetConfig                     0x080027be   Section        0  stm32f1xx_hal_tim.o(i.TIM_ITRx_SetConfig)
    TIM_ITRx_SetConfig                       0x080027bf   Thumb Code    16  stm32f1xx_hal_tim.o(i.TIM_ITRx_SetConfig)
    i.TIM_OC1_SetConfig                      0x080027d0   Section        0  stm32f1xx_hal_tim.o(i.TIM_OC1_SetConfig)
    TIM_OC1_SetConfig                        0x080027d1   Thumb Code    74  stm32f1xx_hal_tim.o(i.TIM_OC1_SetConfig)
    i.TIM_OC2_SetConfig                      0x08002820   Section        0  stm32f1xx_hal_tim.o(i.TIM_OC2_SetConfig)
    i.TIM_OC3_SetConfig                      0x08002878   Section        0  stm32f1xx_hal_tim.o(i.TIM_OC3_SetConfig)
    TIM_OC3_SetConfig                        0x08002879   Thumb Code    82  stm32f1xx_hal_tim.o(i.TIM_OC3_SetConfig)
    i.TIM_OC4_SetConfig                      0x080028d0   Section        0  stm32f1xx_hal_tim.o(i.TIM_OC4_SetConfig)
    TIM_OC4_SetConfig                        0x080028d1   Thumb Code    64  stm32f1xx_hal_tim.o(i.TIM_OC4_SetConfig)
    i.TIM_TI1_ConfigInputStage               0x08002914   Section        0  stm32f1xx_hal_tim.o(i.TIM_TI1_ConfigInputStage)
    TIM_TI1_ConfigInputStage                 0x08002915   Thumb Code    34  stm32f1xx_hal_tim.o(i.TIM_TI1_ConfigInputStage)
    i.TIM_TI2_ConfigInputStage               0x08002936   Section        0  stm32f1xx_hal_tim.o(i.TIM_TI2_ConfigInputStage)
    TIM_TI2_ConfigInputStage                 0x08002937   Thumb Code    36  stm32f1xx_hal_tim.o(i.TIM_TI2_ConfigInputStage)
    i.UART_DMAAbortOnError                   0x0800295a   Section        0  stm32f1xx_hal_uart.o(i.UART_DMAAbortOnError)
    UART_DMAAbortOnError                     0x0800295b   Thumb Code    16  stm32f1xx_hal_uart.o(i.UART_DMAAbortOnError)
    i.UART_EndRxTransfer                     0x0800296a   Section        0  stm32f1xx_hal_uart.o(i.UART_EndRxTransfer)
    UART_EndRxTransfer                       0x0800296b   Thumb Code    78  stm32f1xx_hal_uart.o(i.UART_EndRxTransfer)
    i.UART_Receive_IT                        0x080029b8   Section        0  stm32f1xx_hal_uart.o(i.UART_Receive_IT)
    UART_Receive_IT                          0x080029b9   Thumb Code   194  stm32f1xx_hal_uart.o(i.UART_Receive_IT)
    i.UART_SetConfig                         0x08002a7c   Section        0  stm32f1xx_hal_uart.o(i.UART_SetConfig)
    UART_SetConfig                           0x08002a7d   Thumb Code   178  stm32f1xx_hal_uart.o(i.UART_SetConfig)
    i.UART_Start_Receive_IT                  0x08002b34   Section        0  stm32f1xx_hal_uart.o(i.UART_Start_Receive_IT)
    i.UART_WaitOnFlagUntilTimeout            0x08002b6a   Section        0  stm32f1xx_hal_uart.o(i.UART_WaitOnFlagUntilTimeout)
    UART_WaitOnFlagUntilTimeout              0x08002b6b   Thumb Code   114  stm32f1xx_hal_uart.o(i.UART_WaitOnFlagUntilTimeout)
    i.USART2_IRQHandler                      0x08002bdc   Section        0  stm32f1xx_it.o(i.USART2_IRQHandler)
    i.UsageFault_Handler                     0x08002be8   Section        0  stm32f1xx_it.o(i.UsageFault_Handler)
    i.__NVIC_SetPriority                     0x08002bea   Section        0  stm32f1xx_hal_cortex.o(i.__NVIC_SetPriority)
    __NVIC_SetPriority                       0x08002beb   Thumb Code    32  stm32f1xx_hal_cortex.o(i.__NVIC_SetPriority)
    i.go_straight                            0x08002c0c   Section        0  move.o(i.go_straight)
    i.main                                   0x08002c78   Section        0  main.o(i.main)
    i.motor_stop                             0x08002e10   Section        0  move.o(i.motor_stop)
    i.move                                   0x08002e44   Section        0  move.o(i.move)
    i.pid_Cal                                0x08003028   Section        0  pid.o(i.pid_Cal)
    i.pid_Init                               0x080030cc   Section        0  pid.o(i.pid_Init)
    i.pwm_Init                               0x0800311c   Section        0  pwm.o(i.pwm_Init)
    i.set_motor_pwm                          0x08003138   Section        0  pwm.o(i.set_motor_pwm)
    i.turn_left                              0x0800315c   Section        0  move.o(i.turn_left)
    i.turn_right                             0x080031d8   Section        0  move.o(i.turn_right)
    x$fpl$dadd                               0x08003254   Section      336  daddsub_clz.o(x$fpl$dadd)
    _dadd1                                   0x08003265   Thumb Code     0  daddsub_clz.o(x$fpl$dadd)
    x$fpl$dcheck1                            0x080033a4   Section       16  dcheck1.o(x$fpl$dcheck1)
    x$fpl$ddiv                               0x080033b4   Section      688  ddiv.o(x$fpl$ddiv)
    ddiv_entry                               0x080033bb   Thumb Code     0  ddiv.o(x$fpl$ddiv)
    x$fpl$dfix                               0x08003664   Section       94  dfix.o(x$fpl$dfix)
    x$fpl$dfixu                              0x080036c4   Section       90  dfixu.o(x$fpl$dfixu)
    x$fpl$dflt                               0x0800371e   Section       46  dflt_clz.o(x$fpl$dflt)
    x$fpl$dfltu                              0x0800374c   Section       38  dflt_clz.o(x$fpl$dfltu)
    x$fpl$dmul                               0x08003774   Section      340  dmul.o(x$fpl$dmul)
    x$fpl$dnaninf                            0x080038c8   Section      156  dnaninf.o(x$fpl$dnaninf)
    x$fpl$dretinf                            0x08003964   Section       12  dretinf.o(x$fpl$dretinf)
    x$fpl$drsb                               0x08003970   Section       22  daddsub_clz.o(x$fpl$drsb)
    x$fpl$dsub                               0x08003988   Section      468  daddsub_clz.o(x$fpl$dsub)
    _dsub1                                   0x08003999   Thumb Code     0  daddsub_clz.o(x$fpl$dsub)
    x$fpl$retnan                             0x08003b5c   Section      100  retnan.o(x$fpl$retnan)
    x$fpl$scalbn                             0x08003bc0   Section       92  scalbn.o(x$fpl$scalbn)
    x$fpl$trapveneer                         0x08003c1c   Section       48  trapv.o(x$fpl$trapveneer)
    .constdata                               0x08003c4c   Section      552  font.o(.constdata)
    x$fpl$usenofp                            0x08003c4c   Section        0  usenofp.o(x$fpl$usenofp)
    .constdata                               0x08003e74   Section        8  font.o(.constdata)
    .constdata                               0x08003e7c   Section       18  stm32f1xx_hal_rcc.o(.constdata)
    aPredivFactorTable                       0x08003e7c   Data           2  stm32f1xx_hal_rcc.o(.constdata)
    aPLLMULFactorTable                       0x08003e7e   Data          16  stm32f1xx_hal_rcc.o(.constdata)
    .constdata                               0x08003e8e   Section       16  system_stm32f1xx.o(.constdata)
    .constdata                               0x08003e9e   Section        8  system_stm32f1xx.o(.constdata)
    .data                                    0x20000000   Section       12  pid.o(.data)
    .data                                    0x2000000c   Section        6  pid.o(.data)
    .data                                    0x20000012   Section        6  pid.o(.data)
    .data                                    0x20000018   Section       16  move.o(.data)
    .data                                    0x20000028   Section        4  oled.o(.data)
    temp                                     0x20000028   Data           1  oled.o(.data)
    temp                                     0x20000029   Data           1  oled.o(.data)
    sendBuffer                               0x2000002a   Data           2  oled.o(.data)
    .data                                    0x20000030   Section       24  main.o(.data)
    .data                                    0x20000048   Section        4  main.o(.data)
    .data                                    0x2000004c   Section        4  main.o(.data)
    .data                                    0x20000050   Section       12  stm32f1xx_hal.o(.data)
    .data                                    0x2000005c   Section        4  system_stm32f1xx.o(.data)
    .bss                                     0x20000060   Section     1153  oled.o(.bss)
    sendBuffer                               0x20000060   Data         129  oled.o(.bss)
    .bss                                     0x200004e4   Section      168  i2c.o(.bss)
    .bss                                     0x2000058c   Section      288  tim.o(.bss)
    .bss                                     0x200006ac   Section       72  usart.o(.bss)
    .bss                                     0x200006f4   Section       96  libspace.o(.bss)
    HEAP                                     0x20000758   Section      512  startup_stm32f103xb.o(HEAP)
    Heap_Mem                                 0x20000758   Data         512  startup_stm32f103xb.o(HEAP)
    STACK                                    0x20000958   Section     1024  startup_stm32f103xb.o(STACK)
    Stack_Mem                                0x20000958   Data        1024  startup_stm32f103xb.o(STACK)
    __initial_sp                             0x20000d58   Data           0  startup_stm32f103xb.o(STACK)

    Global Symbols

    Symbol Name                              Value     Ov Type        Size  Object(Section)

    BuildAttributes$$THM_ISAv4$P$D$K$B$S$PE$A:L22UL41UL21$X:L11$S22US41US21$IEEE1$IW$USESV6$~STKCKD$USESV7$~SHL$OSPACE$ROPI$EBA8$UX$STANDARDLIB$REQ8$PRES8$EABIv2 0x00000000   Number         0  anon$$obj.o ABSOLUTE
    __ARM_use_no_argv                        0x00000000   Number         0  main.o ABSOLUTE
    __ARM_exceptions_init                     - Undefined Weak Reference
    __alloca_initialize                       - Undefined Weak Reference
    __arm_fini_                               - Undefined Weak Reference
    __arm_preinit_                            - Undefined Weak Reference
    __cpp_initialize__aeabi_                  - Undefined Weak Reference
    __cxa_finalize                            - Undefined Weak Reference
    __rt_locale                               - Undefined Weak Reference
    __sigvec_lookup                           - Undefined Weak Reference
    _atexit_init                              - Undefined Weak Reference
    _call_atexit_fns                          - Undefined Weak Reference
    _clock_init                               - Undefined Weak Reference
    _fp_trap_init                             - Undefined Weak Reference
    _fp_trap_shutdown                         - Undefined Weak Reference
    _get_lc_collate                           - Undefined Weak Reference
    _get_lc_ctype                             - Undefined Weak Reference
    _get_lc_monetary                          - Undefined Weak Reference
    _get_lc_numeric                           - Undefined Weak Reference
    _get_lc_time                              - Undefined Weak Reference
    _getenv_init                              - Undefined Weak Reference
    _handle_redirection                       - Undefined Weak Reference
    _init_alloc                               - Undefined Weak Reference
    _init_user_alloc                          - Undefined Weak Reference
    _initio                                   - Undefined Weak Reference
    _rand_init                                - Undefined Weak Reference
    _signal_finish                            - Undefined Weak Reference
    _signal_init                              - Undefined Weak Reference
    _terminate_alloc                          - Undefined Weak Reference
    _terminate_user_alloc                     - Undefined Weak Reference
    _terminateio                              - Undefined Weak Reference
    __Vectors_Size                           0x000000ec   Number         0  startup_stm32f103xb.o ABSOLUTE
    __Vectors                                0x08000000   Data           4  startup_stm32f103xb.o(RESET)
    __Vectors_End                            0x080000ec   Data           0  startup_stm32f103xb.o(RESET)
    __main                                   0x080000ed   Thumb Code     8  __main.o(!!!main)
    __scatterload                            0x080000f5   Thumb Code     0  __scatter.o(!!!scatter)
    __scatterload_rt2                        0x080000f5   Thumb Code    44  __scatter.o(!!!scatter)
    __scatterload_rt2_thumb_only             0x080000f5   Thumb Code     0  __scatter.o(!!!scatter)
    __scatterload_null                       0x08000103   Thumb Code     0  __scatter.o(!!!scatter)
    __scatterload_copy                       0x08000129   Thumb Code    26  __scatter_copy.o(!!handler_copy)
    __scatterload_zeroinit                   0x08000145   Thumb Code    28  __scatter_zi.o(!!handler_zi)
    __rt_lib_init                            0x08000161   Thumb Code     0  libinit.o(.ARM.Collect$$libinit$$00000000)
    __rt_lib_init_alloca_1                   0x08000163   Thumb Code     0  libinit2.o(.ARM.Collect$$libinit$$0000002E)
    __rt_lib_init_argv_1                     0x08000163   Thumb Code     0  libinit2.o(.ARM.Collect$$libinit$$0000002C)
    __rt_lib_init_atexit_1                   0x08000163   Thumb Code     0  libinit2.o(.ARM.Collect$$libinit$$0000001B)
    __rt_lib_init_clock_1                    0x08000163   Thumb Code     0  libinit2.o(.ARM.Collect$$libinit$$00000021)
    __rt_lib_init_cpp_1                      0x08000163   Thumb Code     0  libinit2.o(.ARM.Collect$$libinit$$00000032)
    __rt_lib_init_exceptions_1               0x08000163   Thumb Code     0  libinit2.o(.ARM.Collect$$libinit$$00000030)
    __rt_lib_init_fp_1                       0x08000163   Thumb Code     0  libinit2.o(.ARM.Collect$$libinit$$00000002)
    __rt_lib_init_fp_trap_1                  0x08000163   Thumb Code     0  libinit2.o(.ARM.Collect$$libinit$$0000001F)
    __rt_lib_init_getenv_1                   0x08000163   Thumb Code     0  libinit2.o(.ARM.Collect$$libinit$$00000023)
    __rt_lib_init_heap_1                     0x08000163   Thumb Code     0  libinit2.o(.ARM.Collect$$libinit$$0000000A)
    __rt_lib_init_lc_collate_1               0x08000163   Thumb Code     0  libinit2.o(.ARM.Collect$$libinit$$00000011)
    __rt_lib_init_lc_ctype_1                 0x08000163   Thumb Code     0  libinit2.o(.ARM.Collect$$libinit$$00000013)
    __rt_lib_init_lc_monetary_1              0x08000163   Thumb Code     0  libinit2.o(.ARM.Collect$$libinit$$00000015)
    __rt_lib_init_lc_numeric_1               0x08000163   Thumb Code     0  libinit2.o(.ARM.Collect$$libinit$$00000017)
    __rt_lib_init_lc_time_1                  0x08000163   Thumb Code     0  libinit2.o(.ARM.Collect$$libinit$$00000019)
    __rt_lib_init_preinit_1                  0x08000163   Thumb Code     0  libinit2.o(.ARM.Collect$$libinit$$00000004)
    __rt_lib_init_rand_1                     0x08000163   Thumb Code     0  libinit2.o(.ARM.Collect$$libinit$$0000000E)
    __rt_lib_init_return                     0x08000163   Thumb Code     0  libinit2.o(.ARM.Collect$$libinit$$00000033)
    __rt_lib_init_signal_1                   0x08000163   Thumb Code     0  libinit2.o(.ARM.Collect$$libinit$$0000001D)
    __rt_lib_init_stdio_1                    0x08000163   Thumb Code     0  libinit2.o(.ARM.Collect$$libinit$$00000025)
    __rt_lib_init_user_alloc_1               0x08000163   Thumb Code     0  libinit2.o(.ARM.Collect$$libinit$$0000000C)
    __rt_lib_shutdown                        0x08000165   Thumb Code     0  libshutdown.o(.ARM.Collect$$libshutdown$$00000000)
    __rt_lib_shutdown_cpp_1                  0x08000167   Thumb Code     0  libshutdown2.o(.ARM.Collect$$libshutdown$$00000004)
    __rt_lib_shutdown_fini_1                 0x08000167   Thumb Code     0  libshutdown2.o(.ARM.Collect$$libshutdown$$00000002)
    __rt_lib_shutdown_fp_trap_1              0x08000167   Thumb Code     0  libshutdown2.o(.ARM.Collect$$libshutdown$$00000009)
    __rt_lib_shutdown_heap_1                 0x08000167   Thumb Code     0  libshutdown2.o(.ARM.Collect$$libshutdown$$00000011)
    __rt_lib_shutdown_return                 0x08000167   Thumb Code     0  libshutdown2.o(.ARM.Collect$$libshutdown$$00000012)
    __rt_lib_shutdown_signal_1               0x08000167   Thumb Code     0  libshutdown2.o(.ARM.Collect$$libshutdown$$0000000C)
    __rt_lib_shutdown_stdio_1                0x08000167   Thumb Code     0  libshutdown2.o(.ARM.Collect$$libshutdown$$00000006)
    __rt_lib_shutdown_user_alloc_1           0x08000167   Thumb Code     0  libshutdown2.o(.ARM.Collect$$libshutdown$$0000000E)
    __rt_entry                               0x08000169   Thumb Code     0  __rtentry.o(.ARM.Collect$$rtentry$$00000000)
    __rt_entry_presh_1                       0x08000169   Thumb Code     0  __rtentry2.o(.ARM.Collect$$rtentry$$00000002)
    __rt_entry_sh                            0x08000169   Thumb Code     0  __rtentry4.o(.ARM.Collect$$rtentry$$00000004)
    __rt_entry_li                            0x0800016f   Thumb Code     0  __rtentry2.o(.ARM.Collect$$rtentry$$0000000A)
    __rt_entry_postsh_1                      0x0800016f   Thumb Code     0  __rtentry2.o(.ARM.Collect$$rtentry$$00000009)
    __rt_entry_main                          0x08000173   Thumb Code     0  __rtentry2.o(.ARM.Collect$$rtentry$$0000000D)
    __rt_entry_postli_1                      0x08000173   Thumb Code     0  __rtentry2.o(.ARM.Collect$$rtentry$$0000000C)
    __rt_exit                                0x0800017b   Thumb Code     0  rtexit.o(.ARM.Collect$$rtexit$$00000000)
    __rt_exit_ls                             0x0800017d   Thumb Code     0  rtexit2.o(.ARM.Collect$$rtexit$$00000003)
    __rt_exit_prels_1                        0x0800017d   Thumb Code     0  rtexit2.o(.ARM.Collect$$rtexit$$00000002)
    __rt_exit_exit                           0x08000181   Thumb Code     0  rtexit2.o(.ARM.Collect$$rtexit$$00000004)
    Reset_Handler                            0x08000189   Thumb Code     8  startup_stm32f103xb.o(.text)
    ADC1_2_IRQHandler                        0x080001a3   Thumb Code     0  startup_stm32f103xb.o(.text)
    CAN1_RX1_IRQHandler                      0x080001a3   Thumb Code     0  startup_stm32f103xb.o(.text)
    CAN1_SCE_IRQHandler                      0x080001a3   Thumb Code     0  startup_stm32f103xb.o(.text)
    DMA1_Channel1_IRQHandler                 0x080001a3   Thumb Code     0  startup_stm32f103xb.o(.text)
    DMA1_Channel2_IRQHandler                 0x080001a3   Thumb Code     0  startup_stm32f103xb.o(.text)
    DMA1_Channel3_IRQHandler                 0x080001a3   Thumb Code     0  startup_stm32f103xb.o(.text)
    DMA1_Channel4_IRQHandler                 0x080001a3   Thumb Code     0  startup_stm32f103xb.o(.text)
    DMA1_Channel5_IRQHandler                 0x080001a3   Thumb Code     0  startup_stm32f103xb.o(.text)
    DMA1_Channel6_IRQHandler                 0x080001a3   Thumb Code     0  startup_stm32f103xb.o(.text)
    DMA1_Channel7_IRQHandler                 0x080001a3   Thumb Code     0  startup_stm32f103xb.o(.text)
    EXTI0_IRQHandler                         0x080001a3   Thumb Code     0  startup_stm32f103xb.o(.text)
    EXTI15_10_IRQHandler                     0x080001a3   Thumb Code     0  startup_stm32f103xb.o(.text)
    EXTI1_IRQHandler                         0x080001a3   Thumb Code     0  startup_stm32f103xb.o(.text)
    EXTI2_IRQHandler                         0x080001a3   Thumb Code     0  startup_stm32f103xb.o(.text)
    EXTI3_IRQHandler                         0x080001a3   Thumb Code     0  startup_stm32f103xb.o(.text)
    EXTI4_IRQHandler                         0x080001a3   Thumb Code     0  startup_stm32f103xb.o(.text)
    EXTI9_5_IRQHandler                       0x080001a3   Thumb Code     0  startup_stm32f103xb.o(.text)
    FLASH_IRQHandler                         0x080001a3   Thumb Code     0  startup_stm32f103xb.o(.text)
    I2C1_ER_IRQHandler                       0x080001a3   Thumb Code     0  startup_stm32f103xb.o(.text)
    I2C1_EV_IRQHandler                       0x080001a3   Thumb Code     0  startup_stm32f103xb.o(.text)
    I2C2_ER_IRQHandler                       0x080001a3   Thumb Code     0  startup_stm32f103xb.o(.text)
    I2C2_EV_IRQHandler                       0x080001a3   Thumb Code     0  startup_stm32f103xb.o(.text)
    PVD_IRQHandler                           0x080001a3   Thumb Code     0  startup_stm32f103xb.o(.text)
    RCC_IRQHandler                           0x080001a3   Thumb Code     0  startup_stm32f103xb.o(.text)
    RTC_Alarm_IRQHandler                     0x080001a3   Thumb Code     0  startup_stm32f103xb.o(.text)
    RTC_IRQHandler                           0x080001a3   Thumb Code     0  startup_stm32f103xb.o(.text)
    SPI1_IRQHandler                          0x080001a3   Thumb Code     0  startup_stm32f103xb.o(.text)
    SPI2_IRQHandler                          0x080001a3   Thumb Code     0  startup_stm32f103xb.o(.text)
    TAMPER_IRQHandler                        0x080001a3   Thumb Code     0  startup_stm32f103xb.o(.text)
    TIM1_BRK_IRQHandler                      0x080001a3   Thumb Code     0  startup_stm32f103xb.o(.text)
    TIM1_CC_IRQHandler                       0x080001a3   Thumb Code     0  startup_stm32f103xb.o(.text)
    TIM1_TRG_COM_IRQHandler                  0x080001a3   Thumb Code     0  startup_stm32f103xb.o(.text)
    TIM1_UP_IRQHandler                       0x080001a3   Thumb Code     0  startup_stm32f103xb.o(.text)
    TIM2_IRQHandler                          0x080001a3   Thumb Code     0  startup_stm32f103xb.o(.text)
    TIM3_IRQHandler                          0x080001a3   Thumb Code     0  startup_stm32f103xb.o(.text)
    USART1_IRQHandler                        0x080001a3   Thumb Code     0  startup_stm32f103xb.o(.text)
    USART3_IRQHandler                        0x080001a3   Thumb Code     0  startup_stm32f103xb.o(.text)
    USBWakeUp_IRQHandler                     0x080001a3   Thumb Code     0  startup_stm32f103xb.o(.text)
    USB_HP_CAN1_TX_IRQHandler                0x080001a3   Thumb Code     0  startup_stm32f103xb.o(.text)
    USB_LP_CAN1_RX0_IRQHandler               0x080001a3   Thumb Code     0  startup_stm32f103xb.o(.text)
    WWDG_IRQHandler                          0x080001a3   Thumb Code     0  startup_stm32f103xb.o(.text)
    __user_initial_stackheap                 0x080001a5   Thumb Code     0  startup_stm32f103xb.o(.text)
    __aeabi_memcpy                           0x080001c9   Thumb Code     0  rt_memcpy_v6.o(.text)
    __rt_memcpy                              0x080001c9   Thumb Code   138  rt_memcpy_v6.o(.text)
    _memcpy_lastbytes                        0x0800022f   Thumb Code     0  rt_memcpy_v6.o(.text)
    __aeabi_memclr                           0x08000253   Thumb Code     0  rt_memclr.o(.text)
    __rt_memclr                              0x08000253   Thumb Code    68  rt_memclr.o(.text)
    _memset                                  0x08000257   Thumb Code     0  rt_memclr.o(.text)
    __aeabi_memclr4                          0x08000297   Thumb Code     0  rt_memclr_w.o(.text)
    __aeabi_memclr8                          0x08000297   Thumb Code     0  rt_memclr_w.o(.text)
    __rt_memclr_w                            0x08000297   Thumb Code    78  rt_memclr_w.o(.text)
    _memset_w                                0x0800029b   Thumb Code     0  rt_memclr_w.o(.text)
    __use_two_region_memory                  0x080002e5   Thumb Code     2  heapauxi.o(.text)
    __rt_heap_escrow$2region                 0x080002e7   Thumb Code     2  heapauxi.o(.text)
    __rt_heap_expand$2region                 0x080002e9   Thumb Code     2  heapauxi.o(.text)
    __aeabi_memcpy4                          0x080002eb   Thumb Code     0  rt_memcpy_w.o(.text)
    __aeabi_memcpy8                          0x080002eb   Thumb Code     0  rt_memcpy_w.o(.text)
    __rt_memcpy_w                            0x080002eb   Thumb Code   100  rt_memcpy_w.o(.text)
    _memcpy_lastbytes_aligned                0x08000333   Thumb Code     0  rt_memcpy_w.o(.text)
    __user_setup_stackheap                   0x0800034f   Thumb Code    74  sys_stackheap_outer.o(.text)
    exit                                     0x08000399   Thumb Code    18  exit.o(.text)
    __user_libspace                          0x080003ad   Thumb Code     8  libspace.o(.text)
    __user_perproc_libspace                  0x080003ad   Thumb Code     0  libspace.o(.text)
    __user_perthread_libspace                0x080003ad   Thumb Code     0  libspace.o(.text)
    _sys_exit                                0x080003b5   Thumb Code     8  sys_exit.o(.text)
    __I$use$semihosting                      0x080003c1   Thumb Code     0  use_no_semi.o(.text)
    __use_no_semihosting_swi                 0x080003c1   Thumb Code     2  use_no_semi.o(.text)
    BusFault_Handler                         0x080003c3   Thumb Code     2  stm32f1xx_it.o(i.BusFault_Handler)
    __semihosting_library_function           0x080003c3   Thumb Code     0  indicate_semi.o(.text)
    DebugMon_Handler                         0x080003c5   Thumb Code     2  stm32f1xx_it.o(i.DebugMon_Handler)
    Error_Handler                            0x080003c7   Thumb Code     4  main.o(i.Error_Handler)
    HAL_DMA_Abort                            0x080003cb   Thumb Code    70  stm32f1xx_hal_dma.o(i.HAL_DMA_Abort)
    HAL_DMA_Abort_IT                         0x08000411   Thumb Code   148  stm32f1xx_hal_dma.o(i.HAL_DMA_Abort_IT)
    HAL_Delay                                0x080004a9   Thumb Code    32  stm32f1xx_hal.o(i.HAL_Delay)
    HAL_GPIO_Init                            0x080004cd   Thumb Code   446  stm32f1xx_hal_gpio.o(i.HAL_GPIO_Init)
    HAL_GPIO_ReadPin                         0x080006ad   Thumb Code    10  stm32f1xx_hal_gpio.o(i.HAL_GPIO_ReadPin)
    HAL_GPIO_WritePin                        0x080006b7   Thumb Code    10  stm32f1xx_hal_gpio.o(i.HAL_GPIO_WritePin)
    HAL_GetTick                              0x080006c1   Thumb Code     6  stm32f1xx_hal.o(i.HAL_GetTick)
    HAL_I2C_Init                             0x080006cd   Thumb Code   376  stm32f1xx_hal_i2c.o(i.HAL_I2C_Init)
    HAL_I2C_Master_Transmit                  0x08000855   Thumb Code   290  stm32f1xx_hal_i2c.o(i.HAL_I2C_Master_Transmit)
    HAL_I2C_MspInit                          0x08000981   Thumb Code   134  i2c.o(i.HAL_I2C_MspInit)
    HAL_IncTick                              0x08000a19   Thumb Code    12  stm32f1xx_hal.o(i.HAL_IncTick)
    HAL_Init                                 0x08000a29   Thumb Code    32  stm32f1xx_hal.o(i.HAL_Init)
    HAL_InitTick                             0x08000a4d   Thumb Code    54  stm32f1xx_hal.o(i.HAL_InitTick)
    HAL_MspInit                              0x08000a8d   Thumb Code    52  stm32f1xx_hal_msp.o(i.HAL_MspInit)
    HAL_NVIC_EnableIRQ                       0x08000ac9   Thumb Code    26  stm32f1xx_hal_cortex.o(i.HAL_NVIC_EnableIRQ)
    HAL_NVIC_SetPriority                     0x08000ae5   Thumb Code    60  stm32f1xx_hal_cortex.o(i.HAL_NVIC_SetPriority)
    HAL_NVIC_SetPriorityGrouping             0x08000b25   Thumb Code    26  stm32f1xx_hal_cortex.o(i.HAL_NVIC_SetPriorityGrouping)
    HAL_RCC_ClockConfig                      0x08000b49   Thumb Code   280  stm32f1xx_hal_rcc.o(i.HAL_RCC_ClockConfig)
    HAL_RCC_GetPCLK1Freq                     0x08000c75   Thumb Code    20  stm32f1xx_hal_rcc.o(i.HAL_RCC_GetPCLK1Freq)
    HAL_RCC_GetPCLK2Freq                     0x08000c95   Thumb Code    20  stm32f1xx_hal_rcc.o(i.HAL_RCC_GetPCLK2Freq)
    HAL_RCC_GetSysClockFreq                  0x08000cb5   Thumb Code    58  stm32f1xx_hal_rcc.o(i.HAL_RCC_GetSysClockFreq)
    HAL_RCC_OscConfig                        0x08000d01   Thumb Code   778  stm32f1xx_hal_rcc.o(i.HAL_RCC_OscConfig)
    HAL_SYSTICK_Config                       0x08001021   Thumb Code    40  stm32f1xx_hal_cortex.o(i.HAL_SYSTICK_Config)
    HAL_TIMEx_BreakCallback                  0x08001049   Thumb Code     2  stm32f1xx_hal_tim_ex.o(i.HAL_TIMEx_BreakCallback)
    HAL_TIMEx_CommutCallback                 0x0800104b   Thumb Code     2  stm32f1xx_hal_tim_ex.o(i.HAL_TIMEx_CommutCallback)
    HAL_TIMEx_ConfigBreakDeadTime            0x0800104d   Thumb Code    84  stm32f1xx_hal_tim_ex.o(i.HAL_TIMEx_ConfigBreakDeadTime)
    HAL_TIMEx_MasterConfigSynchronization    0x080010a1   Thumb Code    92  stm32f1xx_hal_tim_ex.o(i.HAL_TIMEx_MasterConfigSynchronization)
    HAL_TIM_Base_Init                        0x08001109   Thumb Code    90  stm32f1xx_hal_tim.o(i.HAL_TIM_Base_Init)
    HAL_TIM_Base_MspInit                     0x08001165   Thumb Code    50  tim.o(i.HAL_TIM_Base_MspInit)
    HAL_TIM_ConfigClockSource                0x080011a1   Thumb Code   220  stm32f1xx_hal_tim.o(i.HAL_TIM_ConfigClockSource)
    HAL_TIM_Encoder_Init                     0x0800127d   Thumb Code   164  stm32f1xx_hal_tim.o(i.HAL_TIM_Encoder_Init)
    HAL_TIM_Encoder_MspInit                  0x08001321   Thumb Code   114  tim.o(i.HAL_TIM_Encoder_MspInit)
    HAL_TIM_Encoder_Start                    0x080013a1   Thumb Code   142  stm32f1xx_hal_tim.o(i.HAL_TIM_Encoder_Start)
    HAL_TIM_IC_CaptureCallback               0x0800142f   Thumb Code     2  stm32f1xx_hal_tim.o(i.HAL_TIM_IC_CaptureCallback)
    HAL_TIM_IRQHandler                       0x08001431   Thumb Code   304  stm32f1xx_hal_tim.o(i.HAL_TIM_IRQHandler)
    HAL_TIM_MspPostInit                      0x08001561   Thumb Code    84  tim.o(i.HAL_TIM_MspPostInit)
    HAL_TIM_OC_DelayElapsedCallback          0x080015c1   Thumb Code     2  stm32f1xx_hal_tim.o(i.HAL_TIM_OC_DelayElapsedCallback)
    HAL_TIM_PWM_ConfigChannel                0x080015c3   Thumb Code   204  stm32f1xx_hal_tim.o(i.HAL_TIM_PWM_ConfigChannel)
    HAL_TIM_PWM_Init                         0x0800168f   Thumb Code    90  stm32f1xx_hal_tim.o(i.HAL_TIM_PWM_Init)
    HAL_TIM_PWM_MspInit                      0x080016e9   Thumb Code    30  tim.o(i.HAL_TIM_PWM_MspInit)
    HAL_TIM_PWM_PulseFinishedCallback        0x08001711   Thumb Code     2  stm32f1xx_hal_tim.o(i.HAL_TIM_PWM_PulseFinishedCallback)
    HAL_TIM_PWM_Start                        0x08001715   Thumb Code   144  stm32f1xx_hal_tim.o(i.HAL_TIM_PWM_Start)
    HAL_TIM_PeriodElapsedCallback            0x080017b1   Thumb Code     2  main.o(i.HAL_TIM_PeriodElapsedCallback)
    HAL_TIM_TriggerCallback                  0x080017b3   Thumb Code     2  stm32f1xx_hal_tim.o(i.HAL_TIM_TriggerCallback)
    HAL_UARTEx_RxEventCallback               0x080017b5   Thumb Code     2  stm32f1xx_hal_uart.o(i.HAL_UARTEx_RxEventCallback)
    HAL_UART_ErrorCallback                   0x080017b7   Thumb Code     2  stm32f1xx_hal_uart.o(i.HAL_UART_ErrorCallback)
    HAL_UART_IRQHandler                      0x080017b9   Thumb Code   616  stm32f1xx_hal_uart.o(i.HAL_UART_IRQHandler)
    HAL_UART_Init                            0x08001a25   Thumb Code   100  stm32f1xx_hal_uart.o(i.HAL_UART_Init)
    HAL_UART_MspInit                         0x08001a89   Thumb Code   114  usart.o(i.HAL_UART_MspInit)
    HAL_UART_Receive_IT                      0x08001b09   Thumb Code    28  stm32f1xx_hal_uart.o(i.HAL_UART_Receive_IT)
    HAL_UART_RxCpltCallback                  0x08001b25   Thumb Code   344  main.o(i.HAL_UART_RxCpltCallback)
    HAL_UART_Transmit                        0x08001c9d   Thumb Code   160  stm32f1xx_hal_uart.o(i.HAL_UART_Transmit)
    HAL_UART_TxCpltCallback                  0x08001d3d   Thumb Code     2  stm32f1xx_hal_uart.o(i.HAL_UART_TxCpltCallback)
    HardFault_Handler                        0x08001d3f   Thumb Code     2  stm32f1xx_it.o(i.HardFault_Handler)
    MX_GPIO_Init                             0x08002009   Thumb Code   120  gpio.o(i.MX_GPIO_Init)
    MX_I2C1_Init                             0x08002089   Thumb Code    50  i2c.o(i.MX_I2C1_Init)
    MX_I2C2_Init                             0x080020c9   Thumb Code    50  i2c.o(i.MX_I2C2_Init)
    MX_TIM1_Init                             0x08002109   Thumb Code   166  tim.o(i.MX_TIM1_Init)
    MX_TIM2_Init                             0x080021b9   Thumb Code   100  tim.o(i.MX_TIM2_Init)
    MX_TIM3_Init                             0x08002221   Thumb Code    98  tim.o(i.MX_TIM3_Init)
    MX_TIM4_Init                             0x0800228d   Thumb Code    94  tim.o(i.MX_TIM4_Init)
    MX_USART2_UART_Init                      0x080022f5   Thumb Code    48  usart.o(i.MX_USART2_UART_Init)
    MemManage_Handler                        0x0800232d   Thumb Code     2  stm32f1xx_it.o(i.MemManage_Handler)
    NMI_Handler                              0x0800232f   Thumb Code     2  stm32f1xx_it.o(i.NMI_Handler)
    OLED_Init                                0x08002331   Thumb Code   170  oled.o(i.OLED_Init)
    OLED_NewFrame                            0x080023dd   Thumb Code    10  oled.o(i.OLED_NewFrame)
    OLED_PrintASCIIChar                      0x080023ed   Thumb Code    32  oled.o(i.OLED_PrintASCIIChar)
    OLED_PrintASCIIString                    0x0800240d   Thumb Code    46  oled.o(i.OLED_PrintASCIIString)
    OLED_PrintNumber                         0x0800243b   Thumb Code   118  oled.o(i.OLED_PrintNumber)
    OLED_Send                                0x080024b1   Thumb Code    22  oled.o(i.OLED_Send)
    OLED_SendCmd                             0x080024cd   Thumb Code    12  oled.o(i.OLED_SendCmd)
    OLED_SetBits                             0x080024dd   Thumb Code    72  oled.o(i.OLED_SetBits)
    OLED_SetBits_Fine                        0x08002525   Thumb Code   104  oled.o(i.OLED_SetBits_Fine)
    OLED_SetBlock                            0x0800258d   Thumb Code   136  oled.o(i.OLED_SetBlock)
    OLED_SetByte_Fine                        0x08002615   Thumb Code    64  oled.o(i.OLED_SetByte_Fine)
    OLED_ShowFrame                           0x0800265d   Thumb Code    68  oled.o(i.OLED_ShowFrame)
    PendSV_Handler                           0x080026a5   Thumb Code     2  stm32f1xx_it.o(i.PendSV_Handler)
    SVC_Handler                              0x080026a7   Thumb Code     2  stm32f1xx_it.o(i.SVC_Handler)
    SysTick_Handler                          0x080026a9   Thumb Code     4  stm32f1xx_it.o(i.SysTick_Handler)
    SystemClock_Config                       0x080026ad   Thumb Code    94  main.o(i.SystemClock_Config)
    SystemInit                               0x0800270b   Thumb Code     2  system_stm32f1xx.o(i.SystemInit)
    TIM4_IRQHandler                          0x0800270d   Thumb Code     6  stm32f1xx_it.o(i.TIM4_IRQHandler)
    TIM_Base_SetConfig                       0x08002719   Thumb Code   108  stm32f1xx_hal_tim.o(i.TIM_Base_SetConfig)
    TIM_CCxChannelCmd                        0x08002791   Thumb Code    26  stm32f1xx_hal_tim.o(i.TIM_CCxChannelCmd)
    TIM_ETR_SetConfig                        0x080027ab   Thumb Code    20  stm32f1xx_hal_tim.o(i.TIM_ETR_SetConfig)
    TIM_OC2_SetConfig                        0x08002821   Thumb Code    84  stm32f1xx_hal_tim.o(i.TIM_OC2_SetConfig)
    UART_Start_Receive_IT                    0x08002b35   Thumb Code    54  stm32f1xx_hal_uart.o(i.UART_Start_Receive_IT)
    USART2_IRQHandler                        0x08002bdd   Thumb Code     6  stm32f1xx_it.o(i.USART2_IRQHandler)
    UsageFault_Handler                       0x08002be9   Thumb Code     2  stm32f1xx_it.o(i.UsageFault_Handler)
    go_straight                              0x08002c0d   Thumb Code    88  move.o(i.go_straight)
    main                                     0x08002c79   Thumb Code   314  main.o(i.main)
    motor_stop                               0x08002e11   Thumb Code    48  move.o(i.motor_stop)
    move                                     0x08002e45   Thumb Code   416  move.o(i.move)
    pid_Cal                                  0x08003029   Thumb Code   144  pid.o(i.pid_Cal)
    pid_Init                                 0x080030cd   Thumb Code    62  pid.o(i.pid_Init)
    pwm_Init                                 0x0800311d   Thumb Code    22  pwm.o(i.pwm_Init)
    set_motor_pwm                            0x08003139   Thumb Code    30  pwm.o(i.set_motor_pwm)
    turn_left                                0x0800315d   Thumb Code   106  move.o(i.turn_left)
    turn_right                               0x080031d9   Thumb Code   106  move.o(i.turn_right)
    __aeabi_dadd                             0x08003255   Thumb Code     0  daddsub_clz.o(x$fpl$dadd)
    _dadd                                    0x08003255   Thumb Code   332  daddsub_clz.o(x$fpl$dadd)
    __fpl_dcheck_NaN1                        0x080033a5   Thumb Code    10  dcheck1.o(x$fpl$dcheck1)
    __aeabi_ddiv                             0x080033b5   Thumb Code     0  ddiv.o(x$fpl$ddiv)
    _ddiv                                    0x080033b5   Thumb Code   552  ddiv.o(x$fpl$ddiv)
    __aeabi_d2iz                             0x08003665   Thumb Code     0  dfix.o(x$fpl$dfix)
    _dfix                                    0x08003665   Thumb Code    94  dfix.o(x$fpl$dfix)
    __aeabi_d2uiz                            0x080036c5   Thumb Code     0  dfixu.o(x$fpl$dfixu)
    _dfixu                                   0x080036c5   Thumb Code    90  dfixu.o(x$fpl$dfixu)
    __aeabi_i2d                              0x0800371f   Thumb Code     0  dflt_clz.o(x$fpl$dflt)
    _dflt                                    0x0800371f   Thumb Code    46  dflt_clz.o(x$fpl$dflt)
    __aeabi_ui2d                             0x0800374d   Thumb Code     0  dflt_clz.o(x$fpl$dfltu)
    _dfltu                                   0x0800374d   Thumb Code    38  dflt_clz.o(x$fpl$dfltu)
    __aeabi_dmul                             0x08003775   Thumb Code     0  dmul.o(x$fpl$dmul)
    _dmul                                    0x08003775   Thumb Code   332  dmul.o(x$fpl$dmul)
    __fpl_dnaninf                            0x080038c9   Thumb Code   156  dnaninf.o(x$fpl$dnaninf)
    __fpl_dretinf                            0x08003965   Thumb Code    12  dretinf.o(x$fpl$dretinf)
    __aeabi_drsub                            0x08003971   Thumb Code     0  daddsub_clz.o(x$fpl$drsb)
    _drsb                                    0x08003971   Thumb Code    22  daddsub_clz.o(x$fpl$drsb)
    __aeabi_dsub                             0x08003989   Thumb Code     0  daddsub_clz.o(x$fpl$dsub)
    _dsub                                    0x08003989   Thumb Code   464  daddsub_clz.o(x$fpl$dsub)
    __fpl_return_NaN                         0x08003b5d   Thumb Code   100  retnan.o(x$fpl$retnan)
    __ARM_scalbn                             0x08003bc1   Thumb Code    92  scalbn.o(x$fpl$scalbn)
    __fpl_cmpreturn                          0x08003c1d   Thumb Code    48  trapv.o(x$fpl$trapveneer)
    __I$use$fp                               0x08003c4c   Number         0  usenofp.o(x$fpl$usenofp)
    ascii_8x6                                0x08003c4c   Data         552  font.o(.constdata)
    afont8x6                                 0x08003e74   Data           8  font.o(.constdata)
    AHBPrescTable                            0x08003e8e   Data          16  system_stm32f1xx.o(.constdata)
    APBPrescTable                            0x08003e9e   Data           8  system_stm32f1xx.o(.constdata)
    Region$$Table$$Base                      0x08003ea8   Number         0  anon$$obj.o(Region$$Table)
    Region$$Table$$Limit                     0x08003ec8   Number         0  anon$$obj.o(Region$$Table)
    LEncoder                                 0x20000000   Data           2  pid.o(.data)
    REncoder                                 0x20000002   Data           2  pid.o(.data)
    Lpid                                     0x20000004   Data           4  pid.o(.data)
    Rpid                                     0x20000008   Data           4  pid.o(.data)
    Lpidval                                  0x2000000c   Data           6  pid.o(.data)
    Rpidval                                  0x20000012   Data           6  pid.o(.data)
    LTargetEncoder                           0x20000018   Data           8  move.o(.data)
    RTargetEncoder                           0x20000020   Data           8  move.o(.data)
    sign                                     0x20000030   Data           1  main.o(.data)
    TargetTime                               0x20000032   Data           2  main.o(.data)
    rx_buffer                                0x20000034   Data           3  main.o(.data)
    TargetEncoder                            0x20000038   Data           8  main.o(.data)
    TargetSpeed                              0x20000040   Data           8  main.o(.data)
    lpwm                                     0x20000048   Data           4  main.o(.data)
    rpwm                                     0x2000004c   Data           4  main.o(.data)
    uwTickFreq                               0x20000050   Data           1  stm32f1xx_hal.o(.data)
    uwTickPrio                               0x20000054   Data           4  stm32f1xx_hal.o(.data)
    uwTick                                   0x20000058   Data           4  stm32f1xx_hal.o(.data)
    SystemCoreClock                          0x2000005c   Data           4  system_stm32f1xx.o(.data)
    OLED_GRAM                                0x200000e1   Data        1024  oled.o(.bss)
    hi2c1                                    0x200004e4   Data          84  i2c.o(.bss)
    hi2c2                                    0x20000538   Data          84  i2c.o(.bss)
    htim1                                    0x2000058c   Data          72  tim.o(.bss)
    htim2                                    0x200005d4   Data          72  tim.o(.bss)
    htim3                                    0x2000061c   Data          72  tim.o(.bss)
    htim4                                    0x20000664   Data          72  tim.o(.bss)
    huart2                                   0x200006ac   Data          72  usart.o(.bss)
    __libspace_start                         0x200006f4   Data          96  libspace.o(.bss)
    __temporary_stack_top$libspace           0x20000754   Data           0  libspace.o(.bss)



==============================================================================

Memory Map of the image

  Image Entry point : 0x080000ed

  Load Region LR_IROM1 (Base: 0x08000000, Size: 0x00003f28, Max: 0x00010000, ABSOLUTE)

    Execution Region ER_IROM1 (Exec base: 0x08000000, Load base: 0x08000000, Size: 0x00003ec8, Max: 0x00010000, ABSOLUTE)

    Exec Addr    Load Addr    Size         Type   Attr      Idx    E Section Name        Object

    0x08000000   0x08000000   0x000000ec   Data   RO            3    RESET               startup_stm32f103xb.o
    0x080000ec   0x080000ec   0x00000008   Code   RO         3710  * !!!main             c_w.l(__main.o)
    0x080000f4   0x080000f4   0x00000034   Code   RO         3910    !!!scatter          c_w.l(__scatter.o)
    0x08000128   0x08000128   0x0000001a   Code   RO         3912    !!handler_copy      c_w.l(__scatter_copy.o)
    0x08000142   0x08000142   0x00000002   PAD
    0x08000144   0x08000144   0x0000001c   Code   RO         3914    !!handler_zi        c_w.l(__scatter_zi.o)
    0x08000160   0x08000160   0x00000002   Code   RO         3776    .ARM.Collect$$libinit$$00000000  c_w.l(libinit.o)
    0x08000162   0x08000162   0x00000000   Code   RO         3785    .ARM.Collect$$libinit$$00000002  c_w.l(libinit2.o)
    0x08000162   0x08000162   0x00000000   Code   RO         3787    .ARM.Collect$$libinit$$00000004  c_w.l(libinit2.o)
    0x08000162   0x08000162   0x00000000   Code   RO         3790    .ARM.Collect$$libinit$$0000000A  c_w.l(libinit2.o)
    0x08000162   0x08000162   0x00000000   Code   RO         3792    .ARM.Collect$$libinit$$0000000C  c_w.l(libinit2.o)
    0x08000162   0x08000162   0x00000000   Code   RO         3794    .ARM.Collect$$libinit$$0000000E  c_w.l(libinit2.o)
    0x08000162   0x08000162   0x00000000   Code   RO         3797    .ARM.Collect$$libinit$$00000011  c_w.l(libinit2.o)
    0x08000162   0x08000162   0x00000000   Code   RO         3799    .ARM.Collect$$libinit$$00000013  c_w.l(libinit2.o)
    0x08000162   0x08000162   0x00000000   Code   RO         3801    .ARM.Collect$$libinit$$00000015  c_w.l(libinit2.o)
    0x08000162   0x08000162   0x00000000   Code   RO         3803    .ARM.Collect$$libinit$$00000017  c_w.l(libinit2.o)
    0x08000162   0x08000162   0x00000000   Code   RO         3805    .ARM.Collect$$libinit$$00000019  c_w.l(libinit2.o)
    0x08000162   0x08000162   0x00000000   Code   RO         3807    .ARM.Collect$$libinit$$0000001B  c_w.l(libinit2.o)
    0x08000162   0x08000162   0x00000000   Code   RO         3809    .ARM.Collect$$libinit$$0000001D  c_w.l(libinit2.o)
    0x08000162   0x08000162   0x00000000   Code   RO         3811    .ARM.Collect$$libinit$$0000001F  c_w.l(libinit2.o)
    0x08000162   0x08000162   0x00000000   Code   RO         3813    .ARM.Collect$$libinit$$00000021  c_w.l(libinit2.o)
    0x08000162   0x08000162   0x00000000   Code   RO         3815    .ARM.Collect$$libinit$$00000023  c_w.l(libinit2.o)
    0x08000162   0x08000162   0x00000000   Code   RO         3817    .ARM.Collect$$libinit$$00000025  c_w.l(libinit2.o)
    0x08000162   0x08000162   0x00000000   Code   RO         3821    .ARM.Collect$$libinit$$0000002C  c_w.l(libinit2.o)
    0x08000162   0x08000162   0x00000000   Code   RO         3823    .ARM.Collect$$libinit$$0000002E  c_w.l(libinit2.o)
    0x08000162   0x08000162   0x00000000   Code   RO         3825    .ARM.Collect$$libinit$$00000030  c_w.l(libinit2.o)
    0x08000162   0x08000162   0x00000000   Code   RO         3827    .ARM.Collect$$libinit$$00000032  c_w.l(libinit2.o)
    0x08000162   0x08000162   0x00000002   Code   RO         3828    .ARM.Collect$$libinit$$00000033  c_w.l(libinit2.o)
    0x08000164   0x08000164   0x00000002   Code   RO         3848    .ARM.Collect$$libshutdown$$00000000  c_w.l(libshutdown.o)
    0x08000166   0x08000166   0x00000000   Code   RO         3861    .ARM.Collect$$libshutdown$$00000002  c_w.l(libshutdown2.o)
    0x08000166   0x08000166   0x00000000   Code   RO         3863    .ARM.Collect$$libshutdown$$00000004  c_w.l(libshutdown2.o)
    0x08000166   0x08000166   0x00000000   Code   RO         3865    .ARM.Collect$$libshutdown$$00000006  c_w.l(libshutdown2.o)
    0x08000166   0x08000166   0x00000000   Code   RO         3868    .ARM.Collect$$libshutdown$$00000009  c_w.l(libshutdown2.o)
    0x08000166   0x08000166   0x00000000   Code   RO         3871    .ARM.Collect$$libshutdown$$0000000C  c_w.l(libshutdown2.o)
    0x08000166   0x08000166   0x00000000   Code   RO         3873    .ARM.Collect$$libshutdown$$0000000E  c_w.l(libshutdown2.o)
    0x08000166   0x08000166   0x00000000   Code   RO         3876    .ARM.Collect$$libshutdown$$00000011  c_w.l(libshutdown2.o)
    0x08000166   0x08000166   0x00000002   Code   RO         3877    .ARM.Collect$$libshutdown$$00000012  c_w.l(libshutdown2.o)
    0x08000168   0x08000168   0x00000000   Code   RO         3740    .ARM.Collect$$rtentry$$00000000  c_w.l(__rtentry.o)
    0x08000168   0x08000168   0x00000000   Code   RO         3751    .ARM.Collect$$rtentry$$00000002  c_w.l(__rtentry2.o)
    0x08000168   0x08000168   0x00000006   Code   RO         3763    .ARM.Collect$$rtentry$$00000004  c_w.l(__rtentry4.o)
    0x0800016e   0x0800016e   0x00000000   Code   RO         3753    .ARM.Collect$$rtentry$$00000009  c_w.l(__rtentry2.o)
    0x0800016e   0x0800016e   0x00000004   Code   RO         3754    .ARM.Collect$$rtentry$$0000000A  c_w.l(__rtentry2.o)
    0x08000172   0x08000172   0x00000000   Code   RO         3756    .ARM.Collect$$rtentry$$0000000C  c_w.l(__rtentry2.o)
    0x08000172   0x08000172   0x00000008   Code   RO         3757    .ARM.Collect$$rtentry$$0000000D  c_w.l(__rtentry2.o)
    0x0800017a   0x0800017a   0x00000002   Code   RO         3782    .ARM.Collect$$rtexit$$00000000  c_w.l(rtexit.o)
    0x0800017c   0x0800017c   0x00000000   Code   RO         3830    .ARM.Collect$$rtexit$$00000002  c_w.l(rtexit2.o)
    0x0800017c   0x0800017c   0x00000004   Code   RO         3831    .ARM.Collect$$rtexit$$00000003  c_w.l(rtexit2.o)
    0x08000180   0x08000180   0x00000006   Code   RO         3832    .ARM.Collect$$rtexit$$00000004  c_w.l(rtexit2.o)
    0x08000186   0x08000186   0x00000002   PAD
    0x08000188   0x08000188   0x00000040   Code   RO            4    .text               startup_stm32f103xb.o
    0x080001c8   0x080001c8   0x0000008a   Code   RO         3702    .text               c_w.l(rt_memcpy_v6.o)
    0x08000252   0x08000252   0x00000044   Code   RO         3704    .text               c_w.l(rt_memclr.o)
    0x08000296   0x08000296   0x0000004e   Code   RO         3706    .text               c_w.l(rt_memclr_w.o)
    0x080002e4   0x080002e4   0x00000006   Code   RO         3708    .text               c_w.l(heapauxi.o)
    0x080002ea   0x080002ea   0x00000064   Code   RO         3741    .text               c_w.l(rt_memcpy_w.o)
    0x0800034e   0x0800034e   0x0000004a   Code   RO         3767    .text               c_w.l(sys_stackheap_outer.o)
    0x08000398   0x08000398   0x00000012   Code   RO         3769    .text               c_w.l(exit.o)
    0x080003aa   0x080003aa   0x00000002   PAD
    0x080003ac   0x080003ac   0x00000008   Code   RO         3779    .text               c_w.l(libspace.o)
    0x080003b4   0x080003b4   0x0000000c   Code   RO         3840    .text               c_w.l(sys_exit.o)
    0x080003c0   0x080003c0   0x00000002   Code   RO         3851    .text               c_w.l(use_no_semi.o)
    0x080003c2   0x080003c2   0x00000000   Code   RO         3853    .text               c_w.l(indicate_semi.o)
    0x080003c2   0x080003c2   0x00000002   Code   RO          763    i.BusFault_Handler  stm32f1xx_it.o
    0x080003c4   0x080003c4   0x00000002   Code   RO          764    i.DebugMon_Handler  stm32f1xx_it.o
    0x080003c6   0x080003c6   0x00000004   Code   RO          506    i.Error_Handler     main.o
    0x080003ca   0x080003ca   0x00000046   Code   RO         1729    i.HAL_DMA_Abort     stm32f1xx_hal_dma.o
    0x08000410   0x08000410   0x00000098   Code   RO         1730    i.HAL_DMA_Abort_IT  stm32f1xx_hal_dma.o
    0x080004a8   0x080004a8   0x00000024   Code   RO         1355    i.HAL_Delay         stm32f1xx_hal.o
    0x080004cc   0x080004cc   0x000001e0   Code   RO         1665    i.HAL_GPIO_Init     stm32f1xx_hal_gpio.o
    0x080006ac   0x080006ac   0x0000000a   Code   RO         1667    i.HAL_GPIO_ReadPin  stm32f1xx_hal_gpio.o
    0x080006b6   0x080006b6   0x0000000a   Code   RO         1669    i.HAL_GPIO_WritePin  stm32f1xx_hal_gpio.o
    0x080006c0   0x080006c0   0x0000000c   Code   RO         1359    i.HAL_GetTick       stm32f1xx_hal.o
    0x080006cc   0x080006cc   0x00000188   Code   RO          922    i.HAL_I2C_Init      stm32f1xx_hal_i2c.o
    0x08000854   0x08000854   0x0000012c   Code   RO          935    i.HAL_I2C_Master_Transmit  stm32f1xx_hal_i2c.o
    0x08000980   0x08000980   0x00000098   Code   RO          584    i.HAL_I2C_MspInit   i2c.o
    0x08000a18   0x08000a18   0x00000010   Code   RO         1365    i.HAL_IncTick       stm32f1xx_hal.o
    0x08000a28   0x08000a28   0x00000024   Code   RO         1366    i.HAL_Init          stm32f1xx_hal.o
    0x08000a4c   0x08000a4c   0x00000040   Code   RO         1367    i.HAL_InitTick      stm32f1xx_hal.o
    0x08000a8c   0x08000a8c   0x0000003c   Code   RO          851    i.HAL_MspInit       stm32f1xx_hal_msp.o
    0x08000ac8   0x08000ac8   0x0000001a   Code   RO         1825    i.HAL_NVIC_EnableIRQ  stm32f1xx_hal_cortex.o
    0x08000ae2   0x08000ae2   0x00000002   PAD
    0x08000ae4   0x08000ae4   0x00000040   Code   RO         1831    i.HAL_NVIC_SetPriority  stm32f1xx_hal_cortex.o
    0x08000b24   0x08000b24   0x00000024   Code   RO         1832    i.HAL_NVIC_SetPriorityGrouping  stm32f1xx_hal_cortex.o
    0x08000b48   0x08000b48   0x0000012c   Code   RO         1523    i.HAL_RCC_ClockConfig  stm32f1xx_hal_rcc.o
    0x08000c74   0x08000c74   0x00000020   Code   RO         1530    i.HAL_RCC_GetPCLK1Freq  stm32f1xx_hal_rcc.o
    0x08000c94   0x08000c94   0x00000020   Code   RO         1531    i.HAL_RCC_GetPCLK2Freq  stm32f1xx_hal_rcc.o
    0x08000cb4   0x08000cb4   0x0000004c   Code   RO         1532    i.HAL_RCC_GetSysClockFreq  stm32f1xx_hal_rcc.o
    0x08000d00   0x08000d00   0x00000320   Code   RO         1535    i.HAL_RCC_OscConfig  stm32f1xx_hal_rcc.o
    0x08001020   0x08001020   0x00000028   Code   RO         1836    i.HAL_SYSTICK_Config  stm32f1xx_hal_cortex.o
    0x08001048   0x08001048   0x00000002   Code   RO         3031    i.HAL_TIMEx_BreakCallback  stm32f1xx_hal_tim_ex.o
    0x0800104a   0x0800104a   0x00000002   Code   RO         3032    i.HAL_TIMEx_CommutCallback  stm32f1xx_hal_tim_ex.o
    0x0800104c   0x0800104c   0x00000054   Code   RO         3034    i.HAL_TIMEx_ConfigBreakDeadTime  stm32f1xx_hal_tim_ex.o
    0x080010a0   0x080010a0   0x00000068   Code   RO         3050    i.HAL_TIMEx_MasterConfigSynchronization  stm32f1xx_hal_tim_ex.o
    0x08001108   0x08001108   0x0000005a   Code   RO         2327    i.HAL_TIM_Base_Init  stm32f1xx_hal_tim.o
    0x08001162   0x08001162   0x00000002   PAD
    0x08001164   0x08001164   0x0000003c   Code   RO          632    i.HAL_TIM_Base_MspInit  tim.o
    0x080011a0   0x080011a0   0x000000dc   Code   RO         2336    i.HAL_TIM_ConfigClockSource  stm32f1xx_hal_tim.o
    0x0800127c   0x0800127c   0x000000a4   Code   RO         2348    i.HAL_TIM_Encoder_Init  stm32f1xx_hal_tim.o
    0x08001320   0x08001320   0x00000080   Code   RO          634    i.HAL_TIM_Encoder_MspInit  tim.o
    0x080013a0   0x080013a0   0x0000008e   Code   RO         2351    i.HAL_TIM_Encoder_Start  stm32f1xx_hal_tim.o
    0x0800142e   0x0800142e   0x00000002   Code   RO         2361    i.HAL_TIM_IC_CaptureCallback  stm32f1xx_hal_tim.o
    0x08001430   0x08001430   0x00000130   Code   RO         2375    i.HAL_TIM_IRQHandler  stm32f1xx_hal_tim.o
    0x08001560   0x08001560   0x00000060   Code   RO          635    i.HAL_TIM_MspPostInit  tim.o
    0x080015c0   0x080015c0   0x00000002   Code   RO         2378    i.HAL_TIM_OC_DelayElapsedCallback  stm32f1xx_hal_tim.o
    0x080015c2   0x080015c2   0x000000cc   Code   RO         2399    i.HAL_TIM_PWM_ConfigChannel  stm32f1xx_hal_tim.o
    0x0800168e   0x0800168e   0x0000005a   Code   RO         2402    i.HAL_TIM_PWM_Init  stm32f1xx_hal_tim.o
    0x080016e8   0x080016e8   0x00000028   Code   RO          637    i.HAL_TIM_PWM_MspInit  tim.o
    0x08001710   0x08001710   0x00000002   Code   RO         2405    i.HAL_TIM_PWM_PulseFinishedCallback  stm32f1xx_hal_tim.o
    0x08001712   0x08001712   0x00000002   PAD
    0x08001714   0x08001714   0x0000009c   Code   RO         2407    i.HAL_TIM_PWM_Start  stm32f1xx_hal_tim.o
    0x080017b0   0x080017b0   0x00000002   Code   RO          507    i.HAL_TIM_PeriodElapsedCallback  main.o
    0x080017b2   0x080017b2   0x00000002   Code   RO         2418    i.HAL_TIM_TriggerCallback  stm32f1xx_hal_tim.o
    0x080017b4   0x080017b4   0x00000002   Code   RO         3310    i.HAL_UARTEx_RxEventCallback  stm32f1xx_hal_uart.o
    0x080017b6   0x080017b6   0x00000002   Code   RO         3324    i.HAL_UART_ErrorCallback  stm32f1xx_hal_uart.o
    0x080017b8   0x080017b8   0x0000026c   Code   RO         3327    i.HAL_UART_IRQHandler  stm32f1xx_hal_uart.o
    0x08001a24   0x08001a24   0x00000064   Code   RO         3328    i.HAL_UART_Init     stm32f1xx_hal_uart.o
    0x08001a88   0x08001a88   0x00000080   Code   RO          722    i.HAL_UART_MspInit  usart.o
    0x08001b08   0x08001b08   0x0000001c   Code   RO         3333    i.HAL_UART_Receive_IT  stm32f1xx_hal_uart.o
    0x08001b24   0x08001b24   0x00000178   Code   RO          508    i.HAL_UART_RxCpltCallback  main.o
    0x08001c9c   0x08001c9c   0x000000a0   Code   RO         3336    i.HAL_UART_Transmit  stm32f1xx_hal_uart.o
    0x08001d3c   0x08001d3c   0x00000002   Code   RO         3339    i.HAL_UART_TxCpltCallback  stm32f1xx_hal_uart.o
    0x08001d3e   0x08001d3e   0x00000002   Code   RO          765    i.HardFault_Handler  stm32f1xx_it.o
    0x08001d40   0x08001d40   0x0000002e   Code   RO          965    i.I2C_IsAcknowledgeFailed  stm32f1xx_hal_i2c.o
    0x08001d6e   0x08001d6e   0x00000002   PAD
    0x08001d70   0x08001d70   0x0000009c   Code   RO          969    i.I2C_MasterRequestWrite  stm32f1xx_hal_i2c.o
    0x08001e0c   0x08001e0c   0x00000056   Code   RO          980    i.I2C_WaitOnBTFFlagUntilTimeout  stm32f1xx_hal_i2c.o
    0x08001e62   0x08001e62   0x00000002   PAD
    0x08001e64   0x08001e64   0x00000090   Code   RO          981    i.I2C_WaitOnFlagUntilTimeout  stm32f1xx_hal_i2c.o
    0x08001ef4   0x08001ef4   0x000000bc   Code   RO          982    i.I2C_WaitOnMasterAddressFlagUntilTimeout  stm32f1xx_hal_i2c.o
    0x08001fb0   0x08001fb0   0x00000056   Code   RO          984    i.I2C_WaitOnTXEFlagUntilTimeout  stm32f1xx_hal_i2c.o
    0x08002006   0x08002006   0x00000002   PAD
    0x08002008   0x08002008   0x00000080   Code   RO          559    i.MX_GPIO_Init      gpio.o
    0x08002088   0x08002088   0x00000040   Code   RO          585    i.MX_I2C1_Init      i2c.o
    0x080020c8   0x080020c8   0x00000040   Code   RO          586    i.MX_I2C2_Init      i2c.o
    0x08002108   0x08002108   0x000000b0   Code   RO          638    i.MX_TIM1_Init      tim.o
    0x080021b8   0x080021b8   0x00000068   Code   RO          639    i.MX_TIM2_Init      tim.o
    0x08002220   0x08002220   0x0000006c   Code   RO          640    i.MX_TIM3_Init      tim.o
    0x0800228c   0x0800228c   0x00000068   Code   RO          641    i.MX_TIM4_Init      tim.o
    0x080022f4   0x080022f4   0x00000038   Code   RO          723    i.MX_USART2_UART_Init  usart.o
    0x0800232c   0x0800232c   0x00000002   Code   RO          766    i.MemManage_Handler  stm32f1xx_it.o
    0x0800232e   0x0800232e   0x00000002   Code   RO          767    i.NMI_Handler       stm32f1xx_it.o
    0x08002330   0x08002330   0x000000aa   Code   RO          312    i.OLED_Init         oled.o
    0x080023da   0x080023da   0x00000002   PAD
    0x080023dc   0x080023dc   0x00000010   Code   RO          313    i.OLED_NewFrame     oled.o
    0x080023ec   0x080023ec   0x00000020   Code   RO          314    i.OLED_PrintASCIIChar  oled.o
    0x0800240c   0x0800240c   0x0000002e   Code   RO          315    i.OLED_PrintASCIIString  oled.o
    0x0800243a   0x0800243a   0x00000076   Code   RO          316    i.OLED_PrintNumber  oled.o
    0x080024b0   0x080024b0   0x0000001c   Code   RO          318    i.OLED_Send         oled.o
    0x080024cc   0x080024cc   0x00000010   Code   RO          319    i.OLED_SendCmd      oled.o
    0x080024dc   0x080024dc   0x00000048   Code   RO          320    i.OLED_SetBits      oled.o
    0x08002524   0x08002524   0x00000068   Code   RO          321    i.OLED_SetBits_Fine  oled.o
    0x0800258c   0x0800258c   0x00000088   Code   RO          322    i.OLED_SetBlock     oled.o
    0x08002614   0x08002614   0x00000048   Code   RO          324    i.OLED_SetByte_Fine  oled.o
    0x0800265c   0x0800265c   0x00000048   Code   RO          327    i.OLED_ShowFrame    oled.o
    0x080026a4   0x080026a4   0x00000002   Code   RO          768    i.PendSV_Handler    stm32f1xx_it.o
    0x080026a6   0x080026a6   0x00000002   Code   RO          769    i.SVC_Handler       stm32f1xx_it.o
    0x080026a8   0x080026a8   0x00000004   Code   RO          770    i.SysTick_Handler   stm32f1xx_it.o
    0x080026ac   0x080026ac   0x0000005e   Code   RO          509    i.SystemClock_Config  main.o
    0x0800270a   0x0800270a   0x00000002   Code   RO         3662    i.SystemInit        system_stm32f1xx.o
    0x0800270c   0x0800270c   0x0000000c   Code   RO          771    i.TIM4_IRQHandler   stm32f1xx_it.o
    0x08002718   0x08002718   0x00000078   Code   RO         2420    i.TIM_Base_SetConfig  stm32f1xx_hal_tim.o
    0x08002790   0x08002790   0x0000001a   Code   RO         2421    i.TIM_CCxChannelCmd  stm32f1xx_hal_tim.o
    0x080027aa   0x080027aa   0x00000014   Code   RO         2431    i.TIM_ETR_SetConfig  stm32f1xx_hal_tim.o
    0x080027be   0x080027be   0x00000010   Code   RO         2432    i.TIM_ITRx_SetConfig  stm32f1xx_hal_tim.o
    0x080027ce   0x080027ce   0x00000002   PAD
    0x080027d0   0x080027d0   0x00000050   Code   RO         2433    i.TIM_OC1_SetConfig  stm32f1xx_hal_tim.o
    0x08002820   0x08002820   0x00000058   Code   RO         2434    i.TIM_OC2_SetConfig  stm32f1xx_hal_tim.o
    0x08002878   0x08002878   0x00000058   Code   RO         2435    i.TIM_OC3_SetConfig  stm32f1xx_hal_tim.o
    0x080028d0   0x080028d0   0x00000044   Code   RO         2436    i.TIM_OC4_SetConfig  stm32f1xx_hal_tim.o
    0x08002914   0x08002914   0x00000022   Code   RO         2438    i.TIM_TI1_ConfigInputStage  stm32f1xx_hal_tim.o
    0x08002936   0x08002936   0x00000024   Code   RO         2440    i.TIM_TI2_ConfigInputStage  stm32f1xx_hal_tim.o
    0x0800295a   0x0800295a   0x00000010   Code   RO         3341    i.UART_DMAAbortOnError  stm32f1xx_hal_uart.o
    0x0800296a   0x0800296a   0x0000004e   Code   RO         3351    i.UART_EndRxTransfer  stm32f1xx_hal_uart.o
    0x080029b8   0x080029b8   0x000000c2   Code   RO         3353    i.UART_Receive_IT   stm32f1xx_hal_uart.o
    0x08002a7a   0x08002a7a   0x00000002   PAD
    0x08002a7c   0x08002a7c   0x000000b8   Code   RO         3354    i.UART_SetConfig    stm32f1xx_hal_uart.o
    0x08002b34   0x08002b34   0x00000036   Code   RO         3356    i.UART_Start_Receive_IT  stm32f1xx_hal_uart.o
    0x08002b6a   0x08002b6a   0x00000072   Code   RO         3357    i.UART_WaitOnFlagUntilTimeout  stm32f1xx_hal_uart.o
    0x08002bdc   0x08002bdc   0x0000000c   Code   RO          772    i.USART2_IRQHandler  stm32f1xx_it.o
    0x08002be8   0x08002be8   0x00000002   Code   RO          773    i.UsageFault_Handler  stm32f1xx_it.o
    0x08002bea   0x08002bea   0x00000020   Code   RO         1838    i.__NVIC_SetPriority  stm32f1xx_hal_cortex.o
    0x08002c0a   0x08002c0a   0x00000002   PAD
    0x08002c0c   0x08002c0c   0x0000006c   Code   RO          189    i.go_straight       move.o
    0x08002c78   0x08002c78   0x00000198   Code   RO          510    i.main              main.o
    0x08002e10   0x08002e10   0x00000034   Code   RO          190    i.motor_stop        move.o
    0x08002e44   0x08002e44   0x000001e4   Code   RO          191    i.move              move.o
    0x08003028   0x08003028   0x000000a4   Code   RO           13    i.pid_Cal           pid.o
    0x080030cc   0x080030cc   0x00000050   Code   RO           14    i.pid_Init          pid.o
    0x0800311c   0x0800311c   0x0000001c   Code   RO          153    i.pwm_Init          pwm.o
    0x08003138   0x08003138   0x00000024   Code   RO          154    i.set_motor_pwm     pwm.o
    0x0800315c   0x0800315c   0x0000007c   Code   RO          193    i.turn_left         move.o
    0x080031d8   0x080031d8   0x0000007c   Code   RO          194    i.turn_right        move.o
    0x08003254   0x08003254   0x00000150   Code   RO         3712    x$fpl$dadd          fz_ws.l(daddsub_clz.o)
    0x080033a4   0x080033a4   0x00000010   Code   RO         3743    x$fpl$dcheck1       fz_ws.l(dcheck1.o)
    0x080033b4   0x080033b4   0x000002b0   Code   RO         3719    x$fpl$ddiv          fz_ws.l(ddiv.o)
    0x08003664   0x08003664   0x0000005e   Code   RO         3722    x$fpl$dfix          fz_ws.l(dfix.o)
    0x080036c2   0x080036c2   0x00000002   PAD
    0x080036c4   0x080036c4   0x0000005a   Code   RO         3726    x$fpl$dfixu         fz_ws.l(dfixu.o)
    0x0800371e   0x0800371e   0x0000002e   Code   RO         3731    x$fpl$dflt          fz_ws.l(dflt_clz.o)
    0x0800374c   0x0800374c   0x00000026   Code   RO         3730    x$fpl$dfltu         fz_ws.l(dflt_clz.o)
    0x08003772   0x08003772   0x00000002   PAD
    0x08003774   0x08003774   0x00000154   Code   RO         3736    x$fpl$dmul          fz_ws.l(dmul.o)
    0x080038c8   0x080038c8   0x0000009c   Code   RO         3745    x$fpl$dnaninf       fz_ws.l(dnaninf.o)
    0x08003964   0x08003964   0x0000000c   Code   RO         3747    x$fpl$dretinf       fz_ws.l(dretinf.o)
    0x08003970   0x08003970   0x00000016   Code   RO         3713    x$fpl$drsb          fz_ws.l(daddsub_clz.o)
    0x08003986   0x08003986   0x00000002   PAD
    0x08003988   0x08003988   0x000001d4   Code   RO         3714    x$fpl$dsub          fz_ws.l(daddsub_clz.o)
    0x08003b5c   0x08003b5c   0x00000064   Code   RO         3765    x$fpl$retnan        fz_ws.l(retnan.o)
    0x08003bc0   0x08003bc0   0x0000005c   Code   RO         3738    x$fpl$scalbn        fz_ws.l(scalbn.o)
    0x08003c1c   0x08003c1c   0x00000030   Code   RO         3777    x$fpl$trapveneer    fz_ws.l(trapv.o)
    0x08003c4c   0x08003c4c   0x00000000   Code   RO         3749    x$fpl$usenofp       fz_ws.l(usenofp.o)
    0x08003c4c   0x08003c4c   0x00000228   Data   RO          272    .constdata          font.o
    0x08003e74   0x08003e74   0x00000008   Data   RO          273    .constdata          font.o
    0x08003e7c   0x08003e7c   0x00000012   Data   RO         1536    .constdata          stm32f1xx_hal_rcc.o
    0x08003e8e   0x08003e8e   0x00000010   Data   RO         3663    .constdata          system_stm32f1xx.o
    0x08003e9e   0x08003e9e   0x00000008   Data   RO         3664    .constdata          system_stm32f1xx.o
    0x08003ea6   0x08003ea6   0x00000002   PAD
    0x08003ea8   0x08003ea8   0x00000020   Data   RO         3908    Region$$Table       anon$$obj.o


    Execution Region RW_IRAM1 (Exec base: 0x20000000, Load base: 0x08003ec8, Size: 0x00000d58, Max: 0x00005000, ABSOLUTE)

    Exec Addr    Load Addr    Size         Type   Attr      Idx    E Section Name        Object

    0x20000000   0x08003ec8   0x0000000c   Data   RW           15    .data               pid.o
    0x2000000c   0x08003ed4   0x00000006   Data   RW           18    .data               pid.o
    0x20000012   0x08003eda   0x00000006   Data   RW           19    .data               pid.o
    0x20000018   0x08003ee0   0x00000010   Data   RW          195    .data               move.o
    0x20000028   0x08003ef0   0x00000004   Data   RW          330    .data               oled.o
    0x2000002c   0x08003ef4   0x00000004   PAD
    0x20000030   0x08003ef8   0x00000018   Data   RW          511    .data               main.o
    0x20000048   0x08003f10   0x00000004   Data   RW          512    .data               main.o
    0x2000004c   0x08003f14   0x00000004   Data   RW          513    .data               main.o
    0x20000050   0x08003f18   0x0000000c   Data   RW         1373    .data               stm32f1xx_hal.o
    0x2000005c   0x08003f24   0x00000004   Data   RW         3665    .data               system_stm32f1xx.o
    0x20000060        -       0x00000481   Zero   RW          329    .bss                oled.o
    0x200004e1   0x08003f28   0x00000003   PAD
    0x200004e4        -       0x000000a8   Zero   RW          587    .bss                i2c.o
    0x2000058c        -       0x00000120   Zero   RW          642    .bss                tim.o
    0x200006ac        -       0x00000048   Zero   RW          724    .bss                usart.o
    0x200006f4        -       0x00000060   Zero   RW         3780    .bss                c_w.l(libspace.o)
    0x20000754   0x08003f28   0x00000004   PAD
    0x20000758        -       0x00000200   Zero   RW            2    HEAP                startup_stm32f103xb.o
    0x20000958        -       0x00000400   Zero   RW            1    STACK               startup_stm32f103xb.o


==============================================================================

Image component sizes


      Code (inc. data)   RO Data    RW Data    ZI Data      Debug   Object Name

         0          0        560          0          0       1541   font.o
       128          8          0          0          0        879   gpio.o
       280         46          0          0        168       2158   i2c.o
       884        126          0         32          0       3598   main.o
       892        128          0         16          0       3703   move.o
       882         28          0          4       1153       9888   oled.o
       244         38          0         24          0     435241   pid.o
        64         12          0          0          0        875   pwm.o
        64         26        236          0       1536        788   startup_stm32f103xb.o
       164         28          0         12          0       5717   stm32f1xx_hal.o
       198         14          0          0          0      28811   stm32f1xx_hal_cortex.o
       222          4          0          0          0       1699   stm32f1xx_hal_dma.o
       500         34          0          0          0       3423   stm32f1xx_hal_gpio.o
      1398         32          0          0          0       8909   stm32f1xx_hal_i2c.o
        60          8          0          0          0        830   stm32f1xx_hal_msp.o
      1240         84         18          0          0       4972   stm32f1xx_hal_rcc.o
      1954         44          0          0          0      16307   stm32f1xx_hal_tim.o
       192         12          0          0          0       3073   stm32f1xx_hal_tim_ex.o
      1554         10          0          0          0      10640   stm32f1xx_hal_uart.o
        44         12          0          0          0       4480   stm32f1xx_it.o
         2          0         24          4          0       1047   system_stm32f1xx.o
       816         80          0          0        288       5275   tim.o
       184         22          0          0         72       1590   usart.o

    ----------------------------------------------------------------------
     11986        796        872         96       3220     555444   Object Totals
         0          0         32          0          0          0   (incl. Generated)
        20          0          2          4          3          0   (incl. Padding)

    ----------------------------------------------------------------------

      Code (inc. data)   RO Data    RW Data    ZI Data      Debug   Library Member Name

         8          0          0          0          0         68   __main.o
         0          0          0          0          0          0   __rtentry.o
        12          0          0          0          0          0   __rtentry2.o
         6          0          0          0          0          0   __rtentry4.o
        52          8          0          0          0          0   __scatter.o
        26          0          0          0          0          0   __scatter_copy.o
        28          0          0          0          0          0   __scatter_zi.o
        18          0          0          0          0         80   exit.o
         6          0          0          0          0        152   heapauxi.o
         0          0          0          0          0          0   indicate_semi.o
         2          0          0          0          0          0   libinit.o
         2          0          0          0          0          0   libinit2.o
         2          0          0          0          0          0   libshutdown.o
         2          0          0          0          0          0   libshutdown2.o
         8          4          0          0         96         68   libspace.o
        68          0          0          0          0         68   rt_memclr.o
        78          0          0          0          0         80   rt_memclr_w.o
       138          0          0          0          0         68   rt_memcpy_v6.o
       100          0          0          0          0         80   rt_memcpy_w.o
         2          0          0          0          0          0   rtexit.o
        10          0          0          0          0          0   rtexit2.o
        12          4          0          0          0         68   sys_exit.o
        74          0          0          0          0         80   sys_stackheap_outer.o
         2          0          0          0          0         68   use_no_semi.o
       826         16          0          0          0        348   daddsub_clz.o
        16          4          0          0          0         68   dcheck1.o
       688        140          0          0          0        208   ddiv.o
        94          4          0          0          0         92   dfix.o
        90          4          0          0          0         92   dfixu.o
        84          0          0          0          0        136   dflt_clz.o
       340         12          0          0          0        104   dmul.o
       156          4          0          0          0         92   dnaninf.o
        12          0          0          0          0         68   dretinf.o
       100          0          0          0          0         68   retnan.o
        92          0          0          0          0         68   scalbn.o
        48          0          0          0          0         68   trapv.o
         0          0          0          0          0          0   usenofp.o

    ----------------------------------------------------------------------
      3214        200          0          0        100       2292   Library Totals
        12          0          0          0          4          0   (incl. Padding)

    ----------------------------------------------------------------------

      Code (inc. data)   RO Data    RW Data    ZI Data      Debug   Library Name

       656         16          0          0         96        880   c_w.l
      2546        184          0          0          0       1412   fz_ws.l

    ----------------------------------------------------------------------
      3214        200          0          0        100       2292   Library Totals

    ----------------------------------------------------------------------

==============================================================================


      Code (inc. data)   RO Data    RW Data    ZI Data      Debug   

     15200        996        872         96       3320     550660   Grand Totals
     15200        996        872         96       3320     550660   ELF Image Totals
     15200        996        872         96          0          0   ROM Totals

==============================================================================

    Total RO  Size (Code + RO Data)                16072 (  15.70kB)
    Total RW  Size (RW Data + ZI Data)              3416 (   3.34kB)
    Total ROM Size (Code + RO Data + RW Data)      16168 (  15.79kB)

==============================================================================

